Component: ARM Compiler 5.06 update 7 (build 960) Tool: armlink [4d3601]

==============================================================================

Section Cross References

    main.o(i.BSP_Init) refers to misc.o(i.NVIC_PriorityGroupConfig) for NVIC_PriorityGroupConfig
    main.o(i.BSP_Init) refers to rc522.o(i.RC522_Init) for RC522_Init
    main.o(i.BSP_Init) refers to remote.o(i.Remote_Init) for Remote_Init
    main.o(i.BSP_Init) refers to nokia_5110.o(i.LCD_IO_Init) for LCD_IO_Init
    main.o(i.BSP_Init) refers to outputio.o(i.Door_IO_init) for Door_IO_init
    main.o(i.BSP_Init) refers to outputio.o(i.LED_Init) for LED_Init
    main.o(i.BSP_Init) refers to nokia_5110.o(i.LCD_init) for LCD_init
    main.o(i.BSP_Init) refers to nokia_5110.o(i.LCD_clear) for LCD_clear
    main.o(i.BSP_Init) refers to nokia_5110.o(i.LCD_write_english_string) for LCD_write_english_string
    main.o(i.BSP_Init) refers to userinfo.o(i.InfoInit) for InfoInit
    main.o(i.LcdTask) refers to inputdeal.o(i.DealLcdShow) for DealLcdShow
    main.o(i.LcdTask) refers to inputdeal.o(i.getNowPage) for getNowPage
    main.o(i.LcdTask) refers to queue.o(i.xQueueReceive) for xQueueReceive
    main.o(i.LcdTask) refers to inputdeal.o(i.DealRemoteState) for DealRemoteState
    main.o(i.LcdTask) refers to inputdeal.o(i.DealRC522State) for DealRC522State
    main.o(i.LcdTask) refers to inputdeal.o(i.resetLcd) for resetLcd
    main.o(i.LcdTask) refers to main.o(.data) for inputQueue
    main.o(i.creatTask) refers to main.o(i.BSP_Init) for BSP_Init
    main.o(i.creatTask) refers to tasks.o(i.xTaskCreate) for xTaskCreate
    main.o(i.creatTask) refers to queue.o(i.xQueueGenericCreate) for xQueueGenericCreate
    main.o(i.creatTask) refers to tasks.o(i.vTaskDelete) for vTaskDelete
    main.o(i.creatTask) refers to main.o(.data) for LcdTaskHandle
    main.o(i.creatTask) refers to main.o(i.LcdTask) for LcdTask
    main.o(i.creatTask) refers to main.o(i.remoteTask) for remoteTask
    main.o(i.creatTask) refers to main.o(i.rc522Task) for rc522Task
    main.o(i.main) refers to tasks.o(i.xTaskCreate) for xTaskCreate
    main.o(i.main) refers to tasks.o(i.vTaskStartScheduler) for vTaskStartScheduler
    main.o(i.main) refers to main.o(i.BSP_Init) for BSP_Init
    main.o(i.main) refers to main.o(.data) for createTaskHandle
    main.o(i.main) refers to main.o(i.creatTask) for creatTask
    main.o(i.rc522Task) refers to tasks.o(i.vTaskDelay) for vTaskDelay
    main.o(i.rc522Task) refers to rc522.o(i.PcdRequest) for PcdRequest
    main.o(i.rc522Task) refers to rc522.o(i.PcdAnticoll) for PcdAnticoll
    main.o(i.rc522Task) refers to queue.o(i.xQueueGenericSend) for xQueueGenericSend
    main.o(i.rc522Task) refers to main.o(.data) for inputQueue
    main.o(i.remoteTask) refers to tasks.o(i.vTaskDelay) for vTaskDelay
    main.o(i.remoteTask) refers to remote.o(i.Remote_Scan) for Remote_Scan
    main.o(i.remoteTask) refers to queue.o(i.xQueueGenericSend) for xQueueGenericSend
    main.o(i.remoteTask) refers to main.o(.data) for inputQueue
    system_stm32f10x.o(i.SetSysClock) refers to system_stm32f10x.o(i.SetSysClockTo72) for SetSysClockTo72
    system_stm32f10x.o(i.SystemCoreClockUpdate) refers to system_stm32f10x.o(.data) for SystemCoreClock
    system_stm32f10x.o(i.SystemInit) refers to system_stm32f10x.o(i.SetSysClock) for SetSysClock
    usart.o(i.USART1_IRQHandler) refers to stm32f10x_usart.o(i.USART_GetITStatus) for USART_GetITStatus
    usart.o(i.USART1_IRQHandler) refers to stm32f10x_usart.o(i.USART_ReceiveData) for USART_ReceiveData
    usart.o(i.USART1_IRQHandler) refers to usart.o(.data) for USART_RX_STA
    usart.o(i.USART1_IRQHandler) refers to usart.o(.bss) for USART_RX_BUF
    usart.o(i.uart_init) refers to stm32f10x_rcc.o(i.RCC_APB2PeriphClockCmd) for RCC_APB2PeriphClockCmd
    usart.o(i.uart_init) refers to stm32f10x_gpio.o(i.GPIO_Init) for GPIO_Init
    usart.o(i.uart_init) refers to misc.o(i.NVIC_Init) for NVIC_Init
    usart.o(i.uart_init) refers to stm32f10x_usart.o(i.USART_Init) for USART_Init
    usart.o(i.uart_init) refers to stm32f10x_usart.o(i.USART_ITConfig) for USART_ITConfig
    usart.o(i.uart_init) refers to stm32f10x_usart.o(i.USART_Cmd) for USART_Cmd
    delay.o(i.delay_init) refers to misc.o(i.SysTick_CLKSourceConfig) for SysTick_CLKSourceConfig
    delay.o(i.delay_init) refers to system_stm32f10x.o(.data) for SystemCoreClock
    delay.o(i.delay_init) refers to delay.o(.data) for fac_us
    delay.o(i.delay_ms) refers to delay.o(.data) for fac_ms
    delay.o(i.delay_us) refers to delay.o(.data) for fac_us
    startup_stm32f10x_hd.o(RESET) refers to startup_stm32f10x_hd.o(STACK) for __initial_sp
    startup_stm32f10x_hd.o(RESET) refers to startup_stm32f10x_hd.o(.text) for Reset_Handler
    startup_stm32f10x_hd.o(RESET) refers to stm32f10x_it.o(i.NMI_Handler) for NMI_Handler
    startup_stm32f10x_hd.o(RESET) refers to stm32f10x_it.o(i.HardFault_Handler) for HardFault_Handler
[...]
    handlers.s                               0x00000000   Number         0  handlers.o ABSOLUTE
    init.s                                   0x00000000   Number         0  init.o ABSOLUTE
    main.c                                   0x00000000   Number         0  main.o ABSOLUTE
    stm32f10x_it.c                           0x00000000   Number         0  stm32f10x_it.o ABSOLUTE
    system_stm32f10x.c                       0x00000000   Number         0  system_stm32f10x.o ABSOLUTE
    RESET                                    0x08000000   Section      304  startup_stm32f10x_hd.o(RESET)
    .ARM.Collect$$$$00000000                 0x08000130   Section        0  entry.o(.ARM.Collect$$$$00000000)
    .ARM.Collect$$$$00000001                 0x08000130   Section        4  entry2.o(.ARM.Collect$$$$00000001)
    .ARM.Collect$$$$00000004                 0x08000134   Section        4  entry5.o(.ARM.Collect$$$$00000004)
    .ARM.Collect$$$$00000008                 0x08000138   Section        0  entry7b.o(.ARM.Collect$$$$00000008)
    .ARM.Collect$$$$0000000A                 0x08000138   Section        0  entry8b.o(.ARM.Collect$$$$0000000A)
    .ARM.Collect$$$$0000000B                 0x08000138   Section        8  entry9a.o(.ARM.Collect$$$$0000000B)
    .ARM.Collect$$$$0000000E                 0x08000140   Section        4  entry12b.o(.ARM.Collect$$$$0000000E)
    .ARM.Collect$$$$0000000F                 0x08000144   Section        0  entry10a.o(.ARM.Collect$$$$0000000F)
    .ARM.Collect$$$$00000011                 0x08000144   Section        0  entry11a.o(.ARM.Collect$$$$00000011)
    .ARM.Collect$$$$00002712                 0x08000144   Section        4  entry2.o(.ARM.Collect$$$$00002712)
    __lit__00000000                          0x08000144   Data           4  entry2.o(.ARM.Collect$$$$00002712)
    .emb_text                                0x08000148   Section      150  port.o(.emb_text)
    .text                                    0x080001e0   Section       36  startup_stm32f10x_hd.o(.text)
    .text                                    0x08000204   Section        0  memcpya.o(.text)
    .text                                    0x08000228   Section        0  memseta.o(.text)
    .text                                    0x0800024c   Section        0  uidiv.o(.text)
    .text                                    0x08000278   Section       36  init.o(.text)
    .text                                    0x0800029c   Section        0  __dczerorl2.o(.text)
    i.BSP_Init                               0x080002f4   Section        0  main.o(i.BSP_Init)
    i.BusFault_Handler                       0x08000338   Section        0  stm32f10x_it.o(i.BusFault_Handler)
    i.ClearBitMask                           0x0800033c   Section        0  rc522.o(i.ClearBitMask)
    i.DealLcdShow                            0x08000358   Section        0  inputdeal.o(i.DealLcdShow)
    i.DealRC522State                         0x08000640   Section        0  inputdeal.o(i.DealRC522State)
    i.DealRemoteState                        0x0800073c   Section        0  inputdeal.o(i.DealRemoteState)
    i.DebugMon_Handler                       0x08000d9c   Section        0  stm32f10x_it.o(i.DebugMon_Handler)
    i.Door_IO_init                           0x08000da0   Section        0  outputio.o(i.Door_IO_init)
    i.FLASH_ErasePage                        0x08000dd8   Section        0  stm32f10x_flash.o(i.FLASH_ErasePage)
    i.FLASH_GetBank1Status                   0x08000e24   Section        0  stm32f10x_flash.o(i.FLASH_GetBank1Status)
    i.FLASH_Lock                             0x08000e58   Section        0  stm32f10x_flash.o(i.FLASH_Lock)
    i.FLASH_ProgramHalfWord                  0x08000e6c   Section        0  stm32f10x_flash.o(i.FLASH_ProgramHalfWord)
    i.FLASH_Unlock                           0x08000eac   Section        0  stm32f10x_flash.o(i.FLASH_Unlock)
    i.FLASH_WaitForLastOperation             0x08000ec4   Section        0  stm32f10x_flash.o(i.FLASH_WaitForLastOperation)
    i.GPIO_Init                              0x08000eea   Section        0  stm32f10x_gpio.o(i.GPIO_Init)
    i.GPIO_ReadInputDataBit                  0x08001000   Section        0  stm32f10x_gpio.o(i.GPIO_ReadInputDataBit)
    i.GPIO_ResetBits                         0x08001012   Section        0  stm32f10x_gpio.o(i.GPIO_ResetBits)
    i.GPIO_SetBits                           0x08001016   Section        0  stm32f10x_gpio.o(i.GPIO_SetBits)
    i.HardFault_Handler                      0x0800101a   Section        0  stm32f10x_it.o(i.HardFault_Handler)
    i.InfoInit                               0x0800101e   Section        0  userinfo.o(i.InfoInit)
    i.LCD_IO_Init                            0x0800102c   Section        0  nokia_5110.o(i.LCD_IO_Init)
    i.LCD_Send_Commond                       0x0800108c   Section        0  nokia_5110.o(i.LCD_Send_Commond)
    i.LCD_Send_Data                          0x080010e0   Section        0  nokia_5110.o(i.LCD_Send_Data)
    i.LCD_Set_XY                             0x08001138   Section        0  nokia_5110.o(i.LCD_Set_XY)
    i.LCD_Show_Pic                           0x08001150   Section        0  nokia_5110.o(i.LCD_Show_Pic)
    i.LCD_clear                              0x080011c8   Section        0  nokia_5110.o(i.LCD_clear)
    i.LCD_init                               0x080011f0   Section        0  nokia_5110.o(i.LCD_init)
    i.LCD_set_XY                             0x08001264   Section        0  nokia_5110.o(i.LCD_set_XY)
    i.LCD_write_byte                         0x08001280   Section        0  nokia_5110.o(i.LCD_write_byte)
    i.LCD_write_char                         0x080012e4   Section        0  nokia_5110.o(i.LCD_write_char)
    i.LCD_write_english_string               0x08001314   Section        0  nokia_5110.o(i.LCD_write_english_string)
    i.LED_Init                               0x08001338   Section        0  outputio.o(i.LED_Init)
    i.LcdTask                                0x08001378   Section        0  main.o(i.LcdTask)
    LcdTask                                  0x08001379   Thumb Code   112  main.o(i.LcdTask)
    i.M500PcdConfigISOType                   0x080013ec   Section        0  rc522.o(i.M500PcdConfigISOType)
    i.MemManage_Handler                      0x08001440   Section        0  stm32f10x_it.o(i.MemManage_Handler)
    i.NMI_Handler                            0x08001444   Section        0  stm32f10x_it.o(i.NMI_Handler)
    i.NVIC_Init                              0x08001448   Section        0  misc.o(i.NVIC_Init)
    i.NVIC_PriorityGroupConfig               0x080014b8   Section        0  misc.o(i.NVIC_PriorityGroupConfig)
    i.PcdAntennaOn                           0x080014cc   Section        0  rc522.o(i.PcdAntennaOn)
    i.PcdAnticoll                            0x080014e6   Section        0  rc522.o(i.PcdAnticoll)
    i.PcdComMF522                            0x08001556   Section        0  rc522.o(i.PcdComMF522)
    i.PcdRequest                             0x08001688   Section        0  rc522.o(i.PcdRequest)
    i.PcdReset                               0x080016dc   Section        0  rc522.o(i.PcdReset)
    i.RC522_Init                             0x0800175c   Section        0  rc522.o(i.RC522_Init)
    i.RCC_APB1PeriphClockCmd                 0x08001788   Section        0  stm32f10x_rcc.o(i.RCC_APB1PeriphClockCmd)
    i.RCC_APB2PeriphClockCmd                 0x080017a8   Section        0  stm32f10x_rcc.o(i.RCC_APB2PeriphClockCmd)
    i.ReadRawRC                              0x080017c8   Section        0  rc522.o(i.ReadRawRC)
    i.Remote_Init                            0x080017fc   Section        0  remote.o(i.Remote_Init)
    i.Remote_Scan                            0x080018b8   Section        0  remote.o(i.Remote_Scan)
    i.SPI1_Init                              0x08001930   Section        0  rc522.o(i.SPI1_Init)
    i.SPI_RC522_ReadByte                     0x080019c4   Section        0  rc522.o(i.SPI_RC522_ReadByte)
    i.SPI_RC522_SendByte                     0x08001a10   Section        0  rc522.o(i.SPI_RC522_SendByte)
    i.STMFLASH_Read                          0x08001a64   Section        0  stmflash.o(i.STMFLASH_Read)
    i.STMFLASH_ReadHalfWord                  0x08001a86   Section        0  stmflash.o(i.STMFLASH_ReadHalfWord)
    i.STMFLASH_Write                         0x08001a8c   Section        0  stmflash.o(i.STMFLASH_Write)
    i.STMFLASH_Write_NoCheck                 0x08001b74   Section        0  stmflash.o(i.STMFLASH_Write_NoCheck)
    i.SetBitMask                             0x08001b9a   Section        0  rc522.o(i.SetBitMask)
    i.SetSysClock                            0x08001bb4   Section        0  system_stm32f10x.o(i.SetSysClock)
    SetSysClock                              0x08001bb5   Thumb Code     8  system_stm32f10x.o(i.SetSysClock)
    i.SetSysClockTo72                        0x08001bbc   Section        0  system_stm32f10x.o(i.SetSysClockTo72)
    SetSysClockTo72                          0x08001bbd   Thumb Code   214  system_stm32f10x.o(i.SetSysClockTo72)
    i.SysTick_Handler                        0x08001c9c   Section        0  port.o(i.SysTick_Handler)
    i.SystemInit                             0x08001cd0   Section        0  system_stm32f10x.o(i.SystemInit)
    i.TI1_Config                             0x08001d30   Section        0  stm32f10x_tim.o(i.TI1_Config)
    TI1_Config                               0x08001d31   Thumb Code   108  stm32f10x_tim.o(i.TI1_Config)
    i.TI2_Config                             0x08001db0   Section        0  stm32f10x_tim.o(i.TI2_Config)
    TI2_Config                               0x08001db1   Thumb Code   130  stm32f10x_tim.o(i.TI2_Config)
    i.TI3_Config                             0x08001e48   Section        0  stm32f10x_tim.o(i.TI3_Config)
    TI3_Config                               0x08001e49   Thumb Code   122  stm32f10x_tim.o(i.TI3_Config)
    i.TI4_Config                             0x08001ed8   Section        0  stm32f10x_tim.o(i.TI4_Config)
    TI4_Config                               0x08001ed9   Thumb Code   130  stm32f10x_tim.o(i.TI4_Config)
    i.TIM4_IRQHandler                        0x08001f70   Section        0  remote.o(i.TIM4_IRQHandler)
    i.TIM_ClearITPendingBit                  0x08002108   Section        0  stm32f10x_tim.o(i.TIM_ClearITPendingBit)
    i.TIM_Cmd                                0x0800210e   Section        0  stm32f10x_tim.o(i.TIM_Cmd)
    i.TIM_GetCapture4                        0x08002126   Section        0  stm32f10x_tim.o(i.TIM_GetCapture4)
    i.TIM_GetITStatus                        0x0800212e   Section        0  stm32f10x_tim.o(i.TIM_GetITStatus)
    i.TIM_ICInit                             0x08002150   Section        0  stm32f10x_tim.o(i.TIM_ICInit)
    i.TIM_ITConfig                           0x080021fc   Section        0  stm32f10x_tim.o(i.TIM_ITConfig)
    i.TIM_OC4PolarityConfig                  0x0800220e   Section        0  stm32f10x_tim.o(i.TIM_OC4PolarityConfig)
    i.TIM_SetCounter                         0x08002228   Section        0  stm32f10x_tim.o(i.TIM_SetCounter)
    i.TIM_SetIC1Prescaler                    0x0800222c   Section        0  stm32f10x_tim.o(i.TIM_SetIC1Prescaler)
    i.TIM_SetIC2Prescaler                    0x0800223e   Section        0  stm32f10x_tim.o(i.TIM_SetIC2Prescaler)
    i.TIM_SetIC3Prescaler                    0x08002258   Section        0  stm32f10x_tim.o(i.TIM_SetIC3Prescaler)
    i.TIM_SetIC4Prescaler                    0x0800226a   Section        0  stm32f10x_tim.o(i.TIM_SetIC4Prescaler)
    i.TIM_TimeBaseInit                       0x08002284   Section        0  stm32f10x_tim.o(i.TIM_TimeBaseInit)
    i.USART1_IRQHandler                      0x08002328   Section        0  usart.o(i.USART1_IRQHandler)
    i.USART_GetITStatus                      0x080023b0   Section        0  stm32f10x_usart.o(i.USART_GetITStatus)
    i.USART_ReceiveData                      0x08002404   Section        0  stm32f10x_usart.o(i.USART_ReceiveData)
    i.UsageFault_Handler                     0x0800240e   Section        0  stm32f10x_it.o(i.UsageFault_Handler)
    i.WriteRawRC                             0x08002414   Section        0  rc522.o(i.WriteRawRC)
    i.__0sprintf$1                           0x08002444   Section        0  printf1.o(i.__0sprintf$1)
    i.__scatterload_copy                     0x0800246c   Section       14  handlers.o(i.__scatterload_copy)
    i.__scatterload_null                     0x0800247a   Section        2  handlers.o(i.__scatterload_null)
    i.__scatterload_zeroinit                 0x0800247c   Section       14  handlers.o(i.__scatterload_zeroinit)
    i._printf_core                           0x0800248c   Section        0  printf1.o(i._printf_core)
    _printf_core                             0x0800248d   Thumb Code   336  printf1.o(i._printf_core)
    i._sputc                                 0x080025e0   Section        0  printf1.o(i._sputc)
    _sputc                                   0x080025e1   Thumb Code    10  printf1.o(i._sputc)
    i.addRootInfo                            0x080025ec   Section        0  userinfo.o(i.addRootInfo)
    i.addUserInfo                            0x08002690   Section        0  userinfo.o(i.addUserInfo)
    i.backMenu                               0x08002730   Section        0  inputdeal.o(i.backMenu)
    i.changUserDataByID                      0x08002748   Section        0  userinfo.o(i.changUserDataByID)
    i.cleanAllRoot                           0x08002778   Section        0  userinfo.o(i.cleanAllRoot)
    i.cleanAllUser                           0x080027c0   Section        0  userinfo.o(i.cleanAllUser)
    i.creatTask                              0x08002804   Section        0  main.o(i.creatTask)
    creatTask                                0x08002805   Thumb Code    92  main.o(i.creatTask)
    i.delay_1us                              0x08002894   Section        0  nokia_5110.o(i.delay_1us)
    i.delay_nus                              0x080028aa   Section        0  nokia_5110.o(i.delay_nus)
    i.deleteUser                             0x080028d4   Section        0  userinfo.o(i.deleteUser)
    i.findNextUserData                       0x08002954   Section        0  userinfo.o(i.findNextUserData)
    i.findRootCard                           0x08002990   Section        0  userinfo.o(i.findRootCard)
    i.findUserCard                           0x080029d0   Section        0  userinfo.o(i.findUserCard)
    i.getNowPage                             0x08002a10   Section        0  inputdeal.o(i.getNowPage)
    i.getRootNum                             0x08002a1c   Section        0  userinfo.o(i.getRootNum)
    i.getUserNum                             0x08002a28   Section        0  userinfo.o(i.getUserNum)
    i.main                                   0x08002a34   Section        0  main.o(i.main)
    i.prvAddCurrentTaskToDelayedList         0x08002a68   Section        0  tasks.o(i.prvAddCurrentTaskToDelayedList)
    prvAddCurrentTaskToDelayedList           0x08002a69   Thumb Code   140  tasks.o(i.prvAddCurrentTaskToDelayedList)
    i.prvAddNewTaskToReadyList               0x08002b0c   Section        0  tasks.o(i.prvAddNewTaskToReadyList)
    prvAddNewTaskToReadyList                 0x08002b0d   Thumb Code   204  tasks.o(i.prvAddNewTaskToReadyList)
    i.prvCheckForValidListAndQueue           0x08002bf4   Section        0  timers.o(i.prvCheckForValidListAndQueue)
    prvCheckForValidListAndQueue             0x08002bf5   Thumb Code    72  timers.o(i.prvCheckForValidListAndQueue)
    i.prvCheckTasksWaitingTermination        0x08002c58   Section        0  tasks.o(i.prvCheckTasksWaitingTermination)
    prvCheckTasksWaitingTermination          0x08002c59   Thumb Code    60  tasks.o(i.prvCheckTasksWaitingTermination)
    i.prvCopyDataFromQueue                   0x08002ca0   Section        0  queue.o(i.prvCopyDataFromQueue)
    prvCopyDataFromQueue                     0x08002ca1   Thumb Code    42  queue.o(i.prvCopyDataFromQueue)
    i.prvCopyDataToQueue                     0x08002cca   Section        0  queue.o(i.prvCopyDataToQueue)
    prvCopyDataToQueue                       0x08002ccb   Thumb Code   126  queue.o(i.prvCopyDataToQueue)
    i.prvDeleteTCB                           0x08002d48   Section        0  tasks.o(i.prvDeleteTCB)
    prvDeleteTCB                             0x08002d49   Thumb Code    18  tasks.o(i.prvDeleteTCB)
    i.prvGetNextExpireTime                   0x08002d5c   Section        0  timers.o(i.prvGetNextExpireTime)
    prvGetNextExpireTime                     0x08002d5d   Thumb Code    36  timers.o(i.prvGetNextExpireTime)
    i.prvHeapInit                            0x08002d84   Section        0  heap_4.o(i.prvHeapInit)
    prvHeapInit                              0x08002d85   Thumb Code    98  heap_4.o(i.prvHeapInit)
    i.prvIdleTask                            0x08002e00   Section        0  tasks.o(i.prvIdleTask)
    prvIdleTask                              0x08002e01   Thumb Code    32  tasks.o(i.prvIdleTask)
    i.prvInitialiseNewQueue                  0x08002e28   Section        0  queue.o(i.prvInitialiseNewQueue)
    prvInitialiseNewQueue                    0x08002e29   Thumb Code    42  queue.o(i.prvInitialiseNewQueue)
    i.prvInitialiseNewTask                   0x08002e52   Section        0  tasks.o(i.prvInitialiseNewTask)
    prvInitialiseNewTask                     0x08002e53   Thumb Code   224  tasks.o(i.prvInitialiseNewTask)
    i.prvInitialiseTaskLists                 0x08002f34   Section        0  tasks.o(i.prvInitialiseTaskLists)
    prvInitialiseTaskLists                   0x08002f35   Thumb Code    70  tasks.o(i.prvInitialiseTaskLists)
    i.prvInsertBlockIntoFreeList             0x08002f9c   Section        0  heap_4.o(i.prvInsertBlockIntoFreeList)
    prvInsertBlockIntoFreeList               0x08002f9d   Thumb Code    96  heap_4.o(i.prvInsertBlockIntoFreeList)
    i.prvInsertTimerInActiveList             0x08003004   Section        0  timers.o(i.prvInsertTimerInActiveList)
    prvInsertTimerInActiveList               0x08003005   Thumb Code    80  timers.o(i.prvInsertTimerInActiveList)
    i.prvIsQueueEmpty                        0x0800305c   Section        0  queue.o(i.prvIsQueueEmpty)
    prvIsQueueEmpty                          0x0800305d   Thumb Code    26  queue.o(i.prvIsQueueEmpty)
    i.prvIsQueueFull                         0x08003076   Section        0  queue.o(i.prvIsQueueFull)
    prvIsQueueFull                           0x08003077   Thumb Code    30  queue.o(i.prvIsQueueFull)
    i.prvProcessExpiredTimer                 0x08003094   Section        0  timers.o(i.prvProcessExpiredTimer)
    prvProcessExpiredTimer                   0x08003095   Thumb Code    62  timers.o(i.prvProcessExpiredTimer)
    i.prvProcessReceivedCommands             0x080030d8   Section        0  timers.o(i.prvProcessReceivedCommands)
    prvProcessReceivedCommands               0x080030d9   Thumb Code   326  timers.o(i.prvProcessReceivedCommands)
    i.prvProcessTimerOrBlockTask             0x08003224   Section        0  timers.o(i.prvProcessTimerOrBlockTask)
    prvProcessTimerOrBlockTask               0x08003225   Thumb Code   102  timers.o(i.prvProcessTimerOrBlockTask)
    i.prvReloadTimer                         0x08003298   Section        0  timers.o(i.prvReloadTimer)
    prvReloadTimer                           0x08003299   Thumb Code    40  timers.o(i.prvReloadTimer)
    i.prvResetNextTaskUnblockTime            0x080032c0   Section        0  tasks.o(i.prvResetNextTaskUnblockTime)
    prvResetNextTaskUnblockTime              0x080032c1   Thumb Code    40  tasks.o(i.prvResetNextTaskUnblockTime)
    i.prvSampleTimeNow                       0x080032f0   Section        0  timers.o(i.prvSampleTimeNow)
    prvSampleTimeNow                         0x080032f1   Thumb Code    40  timers.o(i.prvSampleTimeNow)
    i.prvSwitchTimerLists                    0x0800331c   Section        0  timers.o(i.prvSwitchTimerLists)
    prvSwitchTimerLists                      0x0800331d   Thumb Code    58  timers.o(i.prvSwitchTimerLists)
    i.prvTaskExitError                       0x08003360   Section        0  port.o(i.prvTaskExitError)
    prvTaskExitError                         0x08003361   Thumb Code    60  port.o(i.prvTaskExitError)
    i.prvTimerTask                           0x080033a0   Section        0  timers.o(i.prvTimerTask)
    prvTimerTask                             0x080033a1   Thumb Code    26  timers.o(i.prvTimerTask)
    i.prvUnlockQueue                         0x080033ba   Section        0  queue.o(i.prvUnlockQueue)
    prvUnlockQueue                           0x080033bb   Thumb Code   126  queue.o(i.prvUnlockQueue)
    i.pvPortMalloc                           0x08003438   Section        0  heap_4.o(i.pvPortMalloc)
    i.pxPortInitialiseStack                  0x080035a4   Section        0  port.o(i.pxPortInitialiseStack)
    i.rc522Task                              0x080035c8   Section        0  main.o(i.rc522Task)
    rc522Task                                0x080035c9   Thumb Code    62  main.o(i.rc522Task)
    i.readUserData                           0x0800360c   Section        0  userinfo.o(i.readUserData)
    i.remoteTask                             0x08003624   Section        0  main.o(i.remoteTask)
    remoteTask                               0x08003625   Thumb Code    42  main.o(i.remoteTask)
    i.resetLcd                               0x08003654   Section        0  inputdeal.o(i.resetLcd)
    i.rootDataMapGet                         0x08003668   Section        0  userinfo.o(i.rootDataMapGet)
    i.showAllUserData                        0x080036a8   Section        0  inputdeal.o(i.showAllUserData)
    i.showMenu                               0x08003740   Section        0  inputdeal.o(i.showMenu)
    i.showSysInfo                            0x080037c4   Section        0  inputdeal.o(i.showSysInfo)
    i.userDataMapGet                         0x08003848   Section        0  userinfo.o(i.userDataMapGet)
    i.uxListRemove                           0x08003884   Section        0  list.o(i.uxListRemove)
    i.vListInitialise                        0x080038ac   Section        0  list.o(i.vListInitialise)
    i.vListInitialiseItem                    0x080038c6   Section        0  list.o(i.vListInitialiseItem)
    i.vListInsert                            0x080038cc   Section        0  list.o(i.vListInsert)
    i.vListInsertEnd                         0x08003900   Section        0  list.o(i.vListInsertEnd)
    i.vPortEnterCritical                     0x08003918   Section        0  port.o(i.vPortEnterCritical)
    i.vPortExitCritical                      0x0800396c   Section        0  port.o(i.vPortExitCritical)
    i.vPortFree                              0x080039a8   Section        0  heap_4.o(i.vPortFree)
    i.vPortSetupTimerInterrupt               0x08003a4c   Section        0  port.o(i.vPortSetupTimerInterrupt)
    i.vQueueAddToRegistry                    0x08003a74   Section        0  queue.o(i.vQueueAddToRegistry)
    i.vQueueWaitForMessageRestricted         0x08003ad4   Section        0  queue.o(i.vQueueWaitForMessageRestricted)
    i.vTaskDelay                             0x08003b20   Section        0  tasks.o(i.vTaskDelay)
    i.vTaskDelete                            0x08003b7c   Section        0  tasks.o(i.vTaskDelete)
    i.vTaskInternalSetTimeOutState           0x08003c44   Section        0  tasks.o(i.vTaskInternalSetTimeOutState)
    i.vTaskMissedYield                       0x08003c5c   Section        0  tasks.o(i.vTaskMissedYield)
    i.vTaskPlaceOnEventList                  0x08003c68   Section        0  tasks.o(i.vTaskPlaceOnEventList)
    i.vTaskPlaceOnEventListRestricted        0x08003ca0   Section        0  tasks.o(i.vTaskPlaceOnEventListRestricted)
    i.vTaskStartScheduler                    0x08003d04   Section        0  tasks.o(i.vTaskStartScheduler)
    i.vTaskSuspendAll                        0x08003da0   Section        0  tasks.o(i.vTaskSuspendAll)
    i.vTaskSwitchContext                     0x08003db0   Section        0  tasks.o(i.vTaskSwitchContext)
    i.writeUserData                          0x08003e40   Section        0  userinfo.o(i.writeUserData)
    i.xPortStartScheduler                    0x08003e58   Section        0  port.o(i.xPortStartScheduler)
    i.xQueueGenericCreate                    0x08003f50   Section        0  queue.o(i.xQueueGenericCreate)
    i.xQueueGenericReset                     0x08003fb8   Section        0  queue.o(i.xQueueGenericReset)
    i.xQueueGenericSend                      0x08004094   Section        0  queue.o(i.xQueueGenericSend)
    i.xQueueReceive                          0x0800423c   Section        0  queue.o(i.xQueueReceive)
    i.xTaskCheckForTimeOut                   0x080043a4   Section        0  tasks.o(i.xTaskCheckForTimeOut)
    i.xTaskCreate                            0x08004434   Section        0  tasks.o(i.xTaskCreate)
    i.xTaskGetSchedulerState                 0x08004494   Section        0  tasks.o(i.xTaskGetSchedulerState)
    i.xTaskGetTickCount                      0x080044b4   Section        0  tasks.o(i.xTaskGetTickCount)
    i.xTaskIncrementTick                     0x080044c0   Section        0  tasks.o(i.xTaskIncrementTick)
    i.xTaskPriorityDisinherit                0x08004678   Section        0  tasks.o(i.xTaskPriorityDisinherit)
    i.xTaskRemoveFromEventList               0x08004750   Section        0  tasks.o(i.xTaskRemoveFromEventList)
    i.xTaskResumeAll                         0x08004870   Section        0  tasks.o(i.xTaskResumeAll)
    i.xTimerCreateTimerTask                  0x080049e4   Section        0  timers.o(i.xTimerCreateTimerTask)
    .data                                    0x20000000   Section       20  main.o(.data)
    createTaskHandle                         0x20000000   Data           4  main.o(.data)
    LcdTaskHandle                            0x20000004   Data           4  main.o(.data)
    remoteTaskHandle                         0x20000008   Data           4  main.o(.data)
    rc522TaskHandle                          0x2000000c   Data           4  main.o(.data)
    inputQueue                               0x20000010   Data           4  main.o(.data)
    .data                                    0x20000014   Section       20  system_stm32f10x.o(.data)
    .data                                    0x20000028   Section        6  usart.o(.data)
    .data                                    0x2000002e   Section      816  nokia_5110.o(.data)
    .data                                    0x20000360   Section        9  remote.o(.data)
    .data                                    0x20000369   Section     1608  lcdlib.o(.data)
    .data                                    0x200009b4   Section       64  tasks.o(.data)
    pxDelayedTaskList                        0x200009b8   Data           4  tasks.o(.data)
    pxOverflowDelayedTaskList                0x200009bc   Data           4  tasks.o(.data)
    uxDeletedTasksWaitingCleanUp             0x200009c0   Data           4  tasks.o(.data)
    uxCurrentNumberOfTasks                   0x200009c4   Data           4  tasks.o(.data)
    xTickCount                               0x200009c8   Data           4  tasks.o(.data)
    uxTopReadyPriority                       0x200009cc   Data           4  tasks.o(.data)
    xSchedulerRunning                        0x200009d0   Data           4  tasks.o(.data)
    xPendedTicks                             0x200009d4   Data           4  tasks.o(.data)
    xYieldPending                            0x200009d8   Data           4  tasks.o(.data)
    xNumOfOverflows                          0x200009dc   Data           4  tasks.o(.data)
    uxTaskNumber                             0x200009e0   Data           4  tasks.o(.data)
    xNextTaskUnblockTime                     0x200009e4   Data           4  tasks.o(.data)
    xIdleTaskHandle                          0x200009e8   Data           4  tasks.o(.data)
    uxSchedulerSuspended                     0x200009f0   Data           4  tasks.o(.data)
    .data                                    0x200009f4   Section       20  timers.o(.data)
    pxCurrentTimerList                       0x200009f4   Data           4  timers.o(.data)
    pxOverflowTimerList                      0x200009f8   Data           4  timers.o(.data)
    xTimerQueue                              0x200009fc   Data           4  timers.o(.data)
    xTimerTaskHandle                         0x20000a00   Data           4  timers.o(.data)
    xLastTime                                0x20000a04   Data           4  timers.o(.data)
    .data                                    0x20000a08   Section       32  heap_4.o(.data)
    xStart                                   0x20000a08   Data           8  heap_4.o(.data)
    pxEnd                                    0x20000a10   Data           4  heap_4.o(.data)
    xFreeBytesRemaining                      0x20000a14   Data           4  heap_4.o(.data)
    xMinimumEverFreeBytesRemaining           0x20000a18   Data           4  heap_4.o(.data)
    xNumberOfSuccessfulAllocations           0x20000a1c   Data           4  heap_4.o(.data)
    xNumberOfSuccessfulFrees                 0x20000a20   Data           4  heap_4.o(.data)
    xBlockAllocatedBit                       0x20000a24   Data           4  heap_4.o(.data)
    .data                                    0x20000a28   Section       12  port.o(.data)
    uxCriticalNesting                        0x20000a28   Data           4  port.o(.data)
    ucMaxSysCallPriority                     0x20000a2c   Data           1  port.o(.data)
    ulMaxPRIGROUPValue                       0x20000a30   Data           4  port.o(.data)
    .data                                    0x20000a34   Section      164  inputdeal.o(.data)
    workMode                                 0x20000a34   Data           1  inputdeal.o(.data)
    nowPage                                  0x20000a35   Data           1  inputdeal.o(.data)
    cursors                                  0x20000a36   Data           2  inputdeal.o(.data)
    cardToOps                                0x20000a38   Data           4  inputdeal.o(.data)
    input_index                              0x20000ad2   Data           2  inputdeal.o(.data)
    ops_page_type                            0x20000ad4   Data           2  inputdeal.o(.data)
    lastGroup                                0x20000ad6   Data           2  inputdeal.o(.data)
    .bss                                     0x20000ad8   Section      200  usart.o(.bss)
    .bss                                     0x20000ba0   Section     1024  stmflash.o(.bss)
    .bss                                     0x20000fa0   Section       64  queue.o(.bss)
    .bss                                     0x20000fe0   Section     1220  tasks.o(.bss)
    pxReadyTasksLists                        0x20000fe0   Data        1120  tasks.o(.bss)
    xDelayedTaskList1                        0x20001440   Data          20  tasks.o(.bss)
    xDelayedTaskList2                        0x20001454   Data          20  tasks.o(.bss)
    xPendingReadyList                        0x20001468   Data          20  tasks.o(.bss)
    xTasksWaitingTermination                 0x2000147c   Data          20  tasks.o(.bss)
    xSuspendedTaskList                       0x20001490   Data          20  tasks.o(.bss)
    .bss                                     0x200014a4   Section       40  timers.o(.bss)
    xActiveTimerList1                        0x200014a4   Data          20  timers.o(.bss)
    xActiveTimerList2                        0x200014b8   Data          20  timers.o(.bss)
    .bss                                     0x200014cc   Section    10240  heap_4.o(.bss)
    ucHeap                                   0x200014cc   Data       10240  heap_4.o(.bss)
    .bss                                     0x20003ccc   Section     2192  userinfo.o(.bss)
    FlashDataMap                             0x20003ccc   Data        2048  userinfo.o(.bss)
    RootDataMap                              0x200044cc   Data         128  userinfo.o(.bss)
    index                                    0x2000454c   Data          16  userinfo.o(.bss)
    .bss                                     0x2000455c   Section      112  inputdeal.o(.bss)
    input                                    0x2000455c   Data          16  inputdeal.o(.bss)
    dataToShow                               0x2000456c   Data          96  inputdeal.o(.bss)
    STACK                                    0x200045d0   Section     1024  startup_stm32f10x_hd.o(STACK)

    Global Symbols

    Symbol Name                              Value     Ov Type        Size  Object(Section)

    BuildAttributes$$THM_ISAv4$P$D$K$B$S$PE$A:L22UL41UL21$X:L11$S22US41US21$IEEE1$IW$USESV6$~STKCKD$USESV7$~SHL$OSPACE$ROPI$EBA8$MICROLIB$REQ8$PRES8$EABIv2 0x00000000   Number         0  anon$$obj.o ABSOLUTE
    __ARM_use_no_argv                        0x00000000   Number         0  main.o ABSOLUTE
    __use_no_errno                           0x00000000   Number         0  useno.o ABSOLUTE
    __use_no_exception_handling              0x00000000   Number         0  useno.o ABSOLUTE
    __use_no_fp                              0x00000000   Number         0  useno.o ABSOLUTE
    __use_no_heap                            0x00000000   Number         0  useno.o ABSOLUTE
    __use_no_heap_region                     0x00000000   Number         0  useno.o ABSOLUTE
    __use_no_semihosting                     0x00000000   Number         0  useno.o ABSOLUTE
    __use_no_semihosting_swi                 0x00000000   Number         0  useno.o ABSOLUTE
    __use_no_signal_handling                 0x00000000   Number         0  useno.o ABSOLUTE
    _printf_a                                0x00000000   Number         0  stubs.o ABSOLUTE
    _printf_c                                0x00000000   Number         0  stubs.o ABSOLUTE
    _printf_charcount                        0x00000000   Number         0  stubs.o ABSOLUTE
    _printf_d                                0x00000000   Number         0  stubs.o ABSOLUTE
    _printf_e                                0x00000000   Number         0  stubs.o ABSOLUTE
    _printf_f                                0x00000000   Number         0  stubs.o ABSOLUTE
    _printf_flags                            0x00000000   Number         0  stubs.o ABSOLUTE
    _printf_fp_dec                           0x00000000   Number         0  stubs.o ABSOLUTE
    _printf_fp_hex                           0x00000000   Number         0  stubs.o ABSOLUTE
    _printf_g                                0x00000000   Number         0  stubs.o ABSOLUTE
    _printf_i                                0x00000000   Number         0  stubs.o ABSOLUTE
    _printf_int_dec                          0x00000000   Number         0  stubs.o ABSOLUTE
    _printf_l                                0x00000000   Number         0  stubs.o ABSOLUTE
    _printf_lc                               0x00000000   Number         0  stubs.o ABSOLUTE
    _printf_ll                               0x00000000   Number         0  stubs.o ABSOLUTE
    _printf_lld                              0x00000000   Number         0  stubs.o ABSOLUTE
    _printf_lli                              0x00000000   Number         0  stubs.o ABSOLUTE
    _printf_llo                              0x00000000   Number         0  stubs.o ABSOLUTE
    _printf_llu                              0x00000000   Number         0  stubs.o ABSOLUTE
    _printf_llx                              0x00000000   Number         0  stubs.o ABSOLUTE
    _printf_longlong_dec                     0x00000000   Number         0  stubs.o ABSOLUTE
    _printf_longlong_hex                     0x00000000   Number         0  stubs.o ABSOLUTE
    _printf_longlong_oct                     0x00000000   Number         0  stubs.o ABSOLUTE
    _printf_ls                               0x00000000   Number         0  stubs.o ABSOLUTE
    _printf_mbtowc                           0x00000000   Number         0  stubs.o ABSOLUTE
    _printf_n                                0x00000000   Number         0  stubs.o ABSOLUTE
    _printf_o                                0x00000000   Number         0  stubs.o ABSOLUTE
    _printf_p                                0x00000000   Number         0  stubs.o ABSOLUTE
    _printf_percent                          0x00000000   Number         0  stubs.o ABSOLUTE
    _printf_pre_padding                      0x00000000   Number         0  stubs.o ABSOLUTE
    _printf_return_value                     0x00000000   Number         0  stubs.o ABSOLUTE
    _printf_s                                0x00000000   Number         0  stubs.o ABSOLUTE
    _printf_sizespec                         0x00000000   Number         0  stubs.o ABSOLUTE
    _printf_str                              0x00000000   Number         0  stubs.o ABSOLUTE
    _printf_truncate_signed                  0x00000000   Number         0  stubs.o ABSOLUTE
    _printf_truncate_unsigned                0x00000000   Number         0  stubs.o ABSOLUTE
    _printf_u                                0x00000000   Number         0  stubs.o ABSOLUTE
    _printf_wc                               0x00000000   Number         0  stubs.o ABSOLUTE
    _printf_wctomb                           0x00000000   Number         0  stubs.o ABSOLUTE
    _printf_widthprec                        0x00000000   Number         0  stubs.o ABSOLUTE
    _printf_x                                0x00000000   Number         0  stubs.o ABSOLUTE
    __arm_fini_                               - Undefined Weak Reference
    __cpp_initialize__aeabi_                  - Undefined Weak Reference
    __cxa_finalize                            - Undefined Weak Reference
    _clock_init                               - Undefined Weak Reference
    _microlib_exit                            - Undefined Weak Reference
    __Vectors_Size                           0x00000130   Number         0  startup_stm32f10x_hd.o ABSOLUTE
    __Vectors                                0x08000000   Data           4  startup_stm32f10x_hd.o(RESET)
    __Vectors_End                            0x08000130   Data           0  startup_stm32f10x_hd.o(RESET)
    __main                                   0x08000131   Thumb Code     0  entry.o(.ARM.Collect$$$$00000000)
    _main_stk                                0x08000131   Thumb Code     0  entry2.o(.ARM.Collect$$$$00000001)
    _main_scatterload                        0x08000135   Thumb Code     0  entry5.o(.ARM.Collect$$$$00000004)
    __main_after_scatterload                 0x08000139   Thumb Code     0  entry5.o(.ARM.Collect$$$$00000004)
    _main_clock                              0x08000139   Thumb Code     0  entry7b.o(.ARM.Collect$$$$00000008)
    _main_cpp_init                           0x08000139   Thumb Code     0  entry8b.o(.ARM.Collect$$$$0000000A)
    _main_init                               0x08000139   Thumb Code     0  entry9a.o(.ARM.Collect$$$$0000000B)
    __rt_lib_shutdown_fini                   0x08000141   Thumb Code     0  entry12b.o(.ARM.Collect$$$$0000000E)
    __rt_final_cpp                           0x08000145   Thumb Code     0  entry10a.o(.ARM.Collect$$$$0000000F)
    __rt_final_exit                          0x08000145   Thumb Code     0  entry11a.o(.ARM.Collect$$$$00000011)
    SVC_Handler                              0x08000149   Thumb Code    32  port.o(.emb_text)
    __asm___6_port_c_39a90d8d__prvStartFirstTask 0x0800016d   Thumb Code    28  port.o(.emb_text)
    PendSV_Handler                           0x0800018d   Thumb Code    72  port.o(.emb_text)
    vPortGetIPSR                             0x080001d9   Thumb Code     6  port.o(.emb_text)
    Reset_Handler                            0x080001e1   Thumb Code     8  startup_stm32f10x_hd.o(.text)
    ADC1_2_IRQHandler                        0x080001fb   Thumb Code     0  startup_stm32f10x_hd.o(.text)
    ADC3_IRQHandler                          0x080001fb   Thumb Code     0  startup_stm32f10x_hd.o(.text)
    CAN1_RX1_IRQHandler                      0x080001fb   Thumb Code     0  startup_stm32f10x_hd.o(.text)
    CAN1_SCE_IRQHandler                      0x080001fb   Thumb Code     0  startup_stm32f10x_hd.o(.text)
    DMA1_Channel1_IRQHandler                 0x080001fb   Thumb Code     0  startup_stm32f10x_hd.o(.text)
    DMA1_Channel2_IRQHandler                 0x080001fb   Thumb Code     0  startup_stm32f10x_hd.o(.text)
    DMA1_Channel3_IRQHandler                 0x080001fb   Thumb Code     0  startup_stm32f10x_hd.o(.text)
    DMA1_Channel4_IRQHandler                 0x080001fb   Thumb Code     0  startup_stm32f10x_hd.o(.text)
    DMA1_Channel5_IRQHandler                 0x080001fb   Thumb Code     0  startup_stm32f10x_hd.o(.text)
    DMA1_Channel6_IRQHandler                 0x080001fb   Thumb Code     0  startup_stm32f10x_hd.o(.text)
    DMA1_Channel7_IRQHandler                 0x080001fb   Thumb Code     0  startup_stm32f10x_hd.o(.text)
    DMA2_Channel1_IRQHandler                 0x080001fb   Thumb Code     0  startup_stm32f10x_hd.o(.text)
    DMA2_Channel2_IRQHandler                 0x080001fb   Thumb Code     0  startup_stm32f10x_hd.o(.text)
    DMA2_Channel3_IRQHandler                 0x080001fb   Thumb Code     0  startup_stm32f10x_hd.o(.text)
    DMA2_Channel4_5_IRQHandler               0x080001fb   Thumb Code     0  startup_stm32f10x_hd.o(.text)
    EXTI0_IRQHandler                         0x080001fb   Thumb Code     0  startup_stm32f10x_hd.o(.text)
    EXTI15_10_IRQHandler                     0x080001fb   Thumb Code     0  startup_stm32f10x_hd.o(.text)
    EXTI1_IRQHandler                         0x080001fb   Thumb Code     0  startup_stm32f10x_hd.o(.text)
    EXTI2_IRQHandler                         0x080001fb   Thumb Code     0  startup_stm32f10x_hd.o(.text)
    EXTI3_IRQHandler                         0x080001fb   Thumb Code     0  startup_stm32f10x_hd.o(.text)
    EXTI4_IRQHandler                         0x080001fb   Thumb Code     0  startup_stm32f10x_hd.o(.text)
    EXTI9_5_IRQHandler                       0x080001fb   Thumb Code     0  startup_stm32f10x_hd.o(.text)
    FLASH_IRQHandler                         0x080001fb   Thumb Code     0  startup_stm32f10x_hd.o(.text)
    FSMC_IRQHandler                          0x080001fb   Thumb Code     0  startup_stm32f10x_hd.o(.text)
    I2C1_ER_IRQHandler                       0x080001fb   Thumb Code     0  startup_stm32f10x_hd.o(.text)
    I2C1_EV_IRQHandler                       0x080001fb   Thumb Code     0  startup_stm32f10x_hd.o(.text)
    I2C2_ER_IRQHandler                       0x080001fb   Thumb Code     0  startup_stm32f10x_hd.o(.text)
    I2C2_EV_IRQHandler                       0x080001fb   Thumb Code     0  startup_stm32f10x_hd.o(.text)
    PVD_IRQHandler                           0x080001fb   Thumb Code     0  startup_stm32f10x_hd.o(.text)
    RCC_IRQHandler                           0x080001fb   Thumb Code     0  startup_stm32f10x_hd.o(.text)
    RTCAlarm_IRQHandler                      0x080001fb   Thumb Code     0  startup_stm32f10x_hd.o(.text)
    RTC_IRQHandler                           0x080001fb   Thumb Code     0  startup_stm32f10x_hd.o(.text)
    SDIO_IRQHandler                          0x080001fb   Thumb Code     0  startup_stm32f10x_hd.o(.text)
    SPI1_IRQHandler                          0x080001fb   Thumb Code     0  startup_stm32f10x_hd.o(.text)
    SPI2_IRQHandler                          0x080001fb   Thumb Code     0  startup_stm32f10x_hd.o(.text)
    SPI3_IRQHandler                          0x080001fb   Thumb Code     0  startup_stm32f10x_hd.o(.text)
    TAMPER_IRQHandler                        0x080001fb   Thumb Code     0  startup_stm32f10x_hd.o(.text)
    TIM1_BRK_IRQHandler                      0x080001fb   Thumb Code     0  startup_stm32f10x_hd.o(.text)
    TIM1_CC_IRQHandler                       0x080001fb   Thumb Code     0  startup_stm32f10x_hd.o(.text)
    TIM1_TRG_COM_IRQHandler                  0x080001fb   Thumb Code     0  startup_stm32f10x_hd.o(.text)
    TIM1_UP_IRQHandler                       0x080001fb   Thumb Code     0  startup_stm32f10x_hd.o(.text)
    TIM2_IRQHandler                          0x080001fb   Thumb Code     0  startup_stm32f10x_hd.o(.text)
    TIM3_IRQHandler                          0x080001fb   Thumb Code     0  startup_stm32f10x_hd.o(.text)
    TIM5_IRQHandler                          0x080001fb   Thumb Code     0  startup_stm32f10x_hd.o(.text)
    TIM6_IRQHandler                          0x080001fb   Thumb Code     0  startup_stm32f10x_hd.o(.text)
    TIM7_IRQHandler                          0x080001fb   Thumb Code     0  startup_stm32f10x_hd.o(.text)
    TIM8_BRK_IRQHandler                      0x080001fb   Thumb Code     0  startup_stm32f10x_hd.o(.text)
    TIM8_CC_IRQHandler                       0x080001fb   Thumb Code     0  startup_stm32f10x_hd.o(.text)
    TIM8_TRG_COM_IRQHandler                  0x080001fb   Thumb Code     0  startup_stm32f10x_hd.o(.text)
    TIM8_UP_IRQHandler                       0x080001fb   Thumb Code     0  startup_stm32f10x_hd.o(.text)
    UART4_IRQHandler                         0x080001fb   Thumb Code     0  startup_stm32f10x_hd.o(.text)
    UART5_IRQHandler                         0x080001fb   Thumb Code     0  startup_stm32f10x_hd.o(.text)
    USART2_IRQHandler                        0x080001fb   Thumb Code     0  startup_stm32f10x_hd.o(.text)
    USART3_IRQHandler                        0x080001fb   Thumb Code     0  startup_stm32f10x_hd.o(.text)
    USBWakeUp_IRQHandler                     0x080001fb   Thumb Code     0  startup_stm32f10x_hd.o(.text)
    USB_HP_CAN1_TX_IRQHandler                0x080001fb   Thumb Code     0  startup_stm32f10x_hd.o(.text)
    USB_LP_CAN1_RX0_IRQHandler               0x080001fb   Thumb Code     0  startup_stm32f10x_hd.o(.text)
    WWDG_IRQHandler                          0x080001fb   Thumb Code     0  startup_stm32f10x_hd.o(.text)
    __aeabi_memcpy                           0x08000205   Thumb Code    36  memcpya.o(.text)
    __aeabi_memcpy4                          0x08000205   Thumb Code     0  memcpya.o(.text)
    __aeabi_memcpy8                          0x08000205   Thumb Code     0  memcpya.o(.text)
    __aeabi_memset                           0x08000229   Thumb Code    14  memseta.o(.text)
    __aeabi_memset4                          0x08000229   Thumb Code     0  memseta.o(.text)
    __aeabi_memset8                          0x08000229   Thumb Code     0  memseta.o(.text)
    __aeabi_memclr                           0x08000237   Thumb Code     4  memseta.o(.text)
    __aeabi_memclr4                          0x08000237   Thumb Code     0  memseta.o(.text)
    __aeabi_memclr8                          0x08000237   Thumb Code     0  memseta.o(.text)
    memset                                   0x0800023b   Thumb Code    18  memseta.o(.text)
    __aeabi_uidiv                            0x0800024d   Thumb Code     0  uidiv.o(.text)
    __aeabi_uidivmod                         0x0800024d   Thumb Code    44  uidiv.o(.text)
    __scatterload                            0x08000279   Thumb Code    28  init.o(.text)
    __scatterload_rt2                        0x08000279   Thumb Code     0  init.o(.text)
    __decompress                             0x0800029d   Thumb Code     0  __dczerorl2.o(.text)
    __decompress1                            0x0800029d   Thumb Code    86  __dczerorl2.o(.text)
    BSP_Init                                 0x080002f5   Thumb Code    54  main.o(i.BSP_Init)
    BusFault_Handler                         0x08000339   Thumb Code     4  stm32f10x_it.o(i.BusFault_Handler)
    ClearBitMask                             0x0800033d   Thumb Code    26  rc522.o(i.ClearBitMask)
    DealLcdShow                              0x08000359   Thumb Code   500  inputdeal.o(i.DealLcdShow)
    DealRC522State                           0x08000641   Thumb Code   194  inputdeal.o(i.DealRC522State)
    DealRemoteState                          0x0800073d   Thumb Code  1620  inputdeal.o(i.DealRemoteState)
    DebugMon_Handler                         0x08000d9d   Thumb Code     2  stm32f10x_it.o(i.DebugMon_Handler)
    Door_IO_init                             0x08000da1   Thumb Code    46  outputio.o(i.Door_IO_init)
    FLASH_ErasePage                          0x08000dd9   Thumb Code    72  stm32f10x_flash.o(i.FLASH_ErasePage)
    FLASH_GetBank1Status                     0x08000e25   Thumb Code    48  stm32f10x_flash.o(i.FLASH_GetBank1Status)
    FLASH_Lock                               0x08000e59   Thumb Code    14  stm32f10x_flash.o(i.FLASH_Lock)
    FLASH_ProgramHalfWord                    0x08000e6d   Thumb Code    60  stm32f10x_flash.o(i.FLASH_ProgramHalfWord)
    FLASH_Unlock                             0x08000ead   Thumb Code    12  stm32f10x_flash.o(i.FLASH_Unlock)
    FLASH_WaitForLastOperation               0x08000ec5   Thumb Code    38  stm32f10x_flash.o(i.FLASH_WaitForLastOperation)
    GPIO_Init                                0x08000eeb   Thumb Code   278  stm32f10x_gpio.o(i.GPIO_Init)
    GPIO_ReadInputDataBit                    0x08001001   Thumb Code    18  stm32f10x_gpio.o(i.GPIO_ReadInputDataBit)
    GPIO_ResetBits                           0x08001013   Thumb Code     4  stm32f10x_gpio.o(i.GPIO_ResetBits)
    GPIO_SetBits                             0x08001017   Thumb Code     4  stm32f10x_gpio.o(i.GPIO_SetBits)
    HardFault_Handler                        0x0800101b   Thumb Code     4  stm32f10x_it.o(i.HardFault_Handler)
    InfoInit                                 0x0800101f   Thumb Code    12  userinfo.o(i.InfoInit)
    LCD_IO_Init                              0x0800102d   Thumb Code    90  nokia_5110.o(i.LCD_IO_Init)
    LCD_Send_Commond                         0x0800108d   Thumb Code    76  nokia_5110.o(i.LCD_Send_Commond)
    LCD_Send_Data                            0x080010e1   Thumb Code    78  nokia_5110.o(i.LCD_Send_Data)
    LCD_Set_XY                               0x08001139   Thumb Code    24  nokia_5110.o(i.LCD_Set_XY)
    LCD_Show_Pic                             0x08001151   Thumb Code   120  nokia_5110.o(i.LCD_Show_Pic)
    LCD_clear                                0x080011c9   Thumb Code    40  nokia_5110.o(i.LCD_clear)
    LCD_init                                 0x080011f1   Thumb Code   106  nokia_5110.o(i.LCD_init)
    LCD_set_XY                               0x08001265   Thumb Code    28  nokia_5110.o(i.LCD_set_XY)
    LCD_write_byte                           0x08001281   Thumb Code    92  nokia_5110.o(i.LCD_write_byte)
    LCD_write_char                           0x080012e5   Thumb Code    42  nokia_5110.o(i.LCD_write_char)
    LCD_write_english_string                 0x08001315   Thumb Code    34  nokia_5110.o(i.LCD_write_english_string)
    LED_Init                                 0x08001339   Thumb Code    52  outputio.o(i.LED_Init)
    M500PcdConfigISOType                     0x080013ed   Thumb Code    84  rc522.o(i.M500PcdConfigISOType)
    MemManage_Handler                        0x08001441   Thumb Code     4  stm32f10x_it.o(i.MemManage_Handler)
    NMI_Handler                              0x08001445   Thumb Code     2  stm32f10x_it.o(i.NMI_Handler)
    NVIC_Init                                0x08001449   Thumb Code   100  misc.o(i.NVIC_Init)
    NVIC_PriorityGroupConfig                 0x080014b9   Thumb Code    10  misc.o(i.NVIC_PriorityGroupConfig)
    PcdAntennaOn                             0x080014cd   Thumb Code    26  rc522.o(i.PcdAntennaOn)
    PcdAnticoll                              0x080014e7   Thumb Code   112  rc522.o(i.PcdAnticoll)
    PcdComMF522                              0x08001557   Thumb Code   306  rc522.o(i.PcdComMF522)
    PcdRequest                               0x08001689   Thumb Code    84  rc522.o(i.PcdRequest)
    PcdReset                                 0x080016dd   Thumb Code   124  rc522.o(i.PcdReset)
    RC522_Init                               0x0800175d   Thumb Code    34  rc522.o(i.RC522_Init)
    RCC_APB1PeriphClockCmd                   0x08001789   Thumb Code    26  stm32f10x_rcc.o(i.RCC_APB1PeriphClockCmd)
    RCC_APB2PeriphClockCmd                   0x080017a9   Thumb Code    26  stm32f10x_rcc.o(i.RCC_APB2PeriphClockCmd)
    ReadRawRC                                0x080017c9   Thumb Code    46  rc522.o(i.ReadRawRC)
    Remote_Init                              0x080017fd   Thumb Code   180  remote.o(i.Remote_Init)
    Remote_Scan                              0x080018b9   Thumb Code   108  remote.o(i.Remote_Scan)
    SPI1_Init                                0x08001931   Thumb Code   140  rc522.o(i.SPI1_Init)
    SPI_RC522_ReadByte                       0x080019c5   Thumb Code    72  rc522.o(i.SPI_RC522_ReadByte)
    SPI_RC522_SendByte                       0x08001a11   Thumb Code    80  rc522.o(i.SPI_RC522_SendByte)
    STMFLASH_Read                            0x08001a65   Thumb Code    34  stmflash.o(i.STMFLASH_Read)
    STMFLASH_ReadHalfWord                    0x08001a87   Thumb Code     6  stmflash.o(i.STMFLASH_ReadHalfWord)
    STMFLASH_Write                           0x08001a8d   Thumb Code   222  stmflash.o(i.STMFLASH_Write)
    STMFLASH_Write_NoCheck                   0x08001b75   Thumb Code    38  stmflash.o(i.STMFLASH_Write_NoCheck)
    SetBitMask                               0x08001b9b   Thumb Code    26  rc522.o(i.SetBitMask)
    SysTick_Handler                          0x08001c9d   Thumb Code    46  port.o(i.SysTick_Handler)
    SystemInit                               0x08001cd1   Thumb Code    78  system_stm32f10x.o(i.SystemInit)
    TIM4_IRQHandler                          0x08001f71   Thumb Code   384  remote.o(i.TIM4_IRQHandler)
    TIM_ClearITPendingBit                    0x08002109   Thumb Code     6  stm32f10x_tim.o(i.TIM_ClearITPendingBit)
    TIM_Cmd                                  0x0800210f   Thumb Code    24  stm32f10x_tim.o(i.TIM_Cmd)
    TIM_GetCapture4                          0x08002127   Thumb Code     8  stm32f10x_tim.o(i.TIM_GetCapture4)
    TIM_GetITStatus                          0x0800212f   Thumb Code    34  stm32f10x_tim.o(i.TIM_GetITStatus)
    TIM_ICInit                               0x08002151   Thumb Code   150  stm32f10x_tim.o(i.TIM_ICInit)
    TIM_ITConfig                             0x080021fd   Thumb Code    18  stm32f10x_tim.o(i.TIM_ITConfig)
    TIM_OC4PolarityConfig                    0x0800220f   Thumb Code    26  stm32f10x_tim.o(i.TIM_OC4PolarityConfig)
    TIM_SetCounter                           0x08002229   Thumb Code     4  stm32f10x_tim.o(i.TIM_SetCounter)
    TIM_SetIC1Prescaler                      0x0800222d   Thumb Code    18  stm32f10x_tim.o(i.TIM_SetIC1Prescaler)
    TIM_SetIC2Prescaler                      0x0800223f   Thumb Code    26  stm32f10x_tim.o(i.TIM_SetIC2Prescaler)
    TIM_SetIC3Prescaler                      0x08002259   Thumb Code    18  stm32f10x_tim.o(i.TIM_SetIC3Prescaler)
    TIM_SetIC4Prescaler                      0x0800226b   Thumb Code    26  stm32f10x_tim.o(i.TIM_SetIC4Prescaler)
    TIM_TimeBaseInit                         0x08002285   Thumb Code   122  stm32f10x_tim.o(i.TIM_TimeBaseInit)
    USART1_IRQHandler                        0x08002329   Thumb Code   122  usart.o(i.USART1_IRQHandler)
    USART_GetITStatus                        0x080023b1   Thumb Code    84  stm32f10x_usart.o(i.USART_GetITStatus)
    USART_ReceiveData                        0x08002405   Thumb Code    10  stm32f10x_usart.o(i.USART_ReceiveData)
    UsageFault_Handler                       0x0800240f   Thumb Code     4  stm32f10x_it.o(i.UsageFault_Handler)
    WriteRawRC                               0x08002415   Thumb Code    42  rc522.o(i.WriteRawRC)
    __0sprintf$1                             0x08002445   Thumb Code    34  printf1.o(i.__0sprintf$1)
    __1sprintf$1                             0x08002445   Thumb Code     0  printf1.o(i.__0sprintf$1)
    __2sprintf                               0x08002445   Thumb Code     0  printf1.o(i.__0sprintf$1)
    __scatterload_copy                       0x0800246d   Thumb Code    14  handlers.o(i.__scatterload_copy)
    __scatterload_null                       0x0800247b   Thumb Code     2  handlers.o(i.__scatterload_null)
    __scatterload_zeroinit                   0x0800247d   Thumb Code    14  handlers.o(i.__scatterload_zeroinit)
    addRootInfo                              0x080025ed   Thumb Code   150  userinfo.o(i.addRootInfo)
    addUserInfo                              0x08002691   Thumb Code   148  userinfo.o(i.addUserInfo)
    backMenu                                 0x08002731   Thumb Code    14  inputdeal.o(i.backMenu)
    changUserDataByID                        0x08002749   Thumb Code    42  userinfo.o(i.changUserDataByID)
    cleanAllRoot                             0x08002779   Thumb Code    62  userinfo.o(i.cleanAllRoot)
    cleanAllUser                             0x080027c1   Thumb Code    60  userinfo.o(i.cleanAllUser)
    delay_1us                                0x08002895   Thumb Code    22  nokia_5110.o(i.delay_1us)
    delay_nus                                0x080028ab   Thumb Code    40  nokia_5110.o(i.delay_nus)
    deleteUser                               0x080028d5   Thumb Code   114  userinfo.o(i.deleteUser)
    findNextUserData                         0x08002955   Thumb Code    54  userinfo.o(i.findNextUserData)
    findRootCard                             0x08002991   Thumb Code    60  userinfo.o(i.findRootCard)
    findUserCard                             0x080029d1   Thumb Code    60  userinfo.o(i.findUserCard)
    getNowPage                               0x08002a11   Thumb Code     6  inputdeal.o(i.getNowPage)
    getRootNum                               0x08002a1d   Thumb Code     6  userinfo.o(i.getRootNum)
    getUserNum                               0x08002a29   Thumb Code     6  userinfo.o(i.getUserNum)
    main                                     0x08002a35   Thumb Code    36  main.o(i.main)
    pvPortMalloc                             0x08003439   Thumb Code   338  heap_4.o(i.pvPortMalloc)
    pxPortInitialiseStack                    0x080035a5   Thumb Code    30  port.o(i.pxPortInitialiseStack)
    readUserData                             0x0800360d   Thumb Code    20  userinfo.o(i.readUserData)
    resetLcd                                 0x08003655   Thumb Code    12  inputdeal.o(i.resetLcd)
    rootDataMapGet                           0x08003669   Thumb Code    50  userinfo.o(i.rootDataMapGet)
    showAllUserData                          0x080036a9   Thumb Code   136  inputdeal.o(i.showAllUserData)
    showMenu                                 0x08003741   Thumb Code   118  inputdeal.o(i.showMenu)
    showSysInfo                              0x080037c5   Thumb Code    76  inputdeal.o(i.showSysInfo)
    userDataMapGet                           0x08003849   Thumb Code    48  userinfo.o(i.userDataMapGet)
    uxListRemove                             0x08003885   Thumb Code    40  list.o(i.uxListRemove)
    vListInitialise                          0x080038ad   Thumb Code    26  list.o(i.vListInitialise)
    vListInitialiseItem                      0x080038c7   Thumb Code     6  list.o(i.vListInitialiseItem)
    vListInsert                              0x080038cd   Thumb Code    52  list.o(i.vListInsert)
    vListInsertEnd                           0x08003901   Thumb Code    24  list.o(i.vListInsertEnd)
    vPortEnterCritical                       0x08003919   Thumb Code    76  port.o(i.vPortEnterCritical)
    vPortExitCritical                        0x0800396d   Thumb Code    56  port.o(i.vPortExitCritical)
    vPortFree                                0x080039a9   Thumb Code   150  heap_4.o(i.vPortFree)
    vPortSetupTimerInterrupt                 0x08003a4d   Thumb Code    36  port.o(i.vPortSetupTimerInterrupt)
    vQueueAddToRegistry                      0x08003a75   Thumb Code    90  queue.o(i.vQueueAddToRegistry)
    vQueueWaitForMessageRestricted           0x08003ad5   Thumb Code    74  queue.o(i.vQueueWaitForMessageRestricted)
    vTaskDelay                               0x08003b21   Thumb Code    82  tasks.o(i.vTaskDelay)
    vTaskDelete                              0x08003b7d   Thumb Code   168  tasks.o(i.vTaskDelete)
    vTaskInternalSetTimeOutState             0x08003c45   Thumb Code    14  tasks.o(i.vTaskInternalSetTimeOutState)
    vTaskMissedYield                         0x08003c5d   Thumb Code     8  tasks.o(i.vTaskMissedYield)
    vTaskPlaceOnEventList                    0x08003c69   Thumb Code    52  tasks.o(i.vTaskPlaceOnEventList)
    vTaskPlaceOnEventListRestricted          0x08003ca1   Thumb Code    94  tasks.o(i.vTaskPlaceOnEventListRestricted)
    vTaskStartScheduler                      0x08003d05   Thumb Code   122  tasks.o(i.vTaskStartScheduler)
    vTaskSuspendAll                          0x08003da1   Thumb Code    12  tasks.o(i.vTaskSuspendAll)
    vTaskSwitchContext                       0x08003db1   Thumb Code   122  tasks.o(i.vTaskSwitchContext)
    writeUserData                            0x08003e41   Thumb Code    20  userinfo.o(i.writeUserData)
    xPortStartScheduler                      0x08003e59   Thumb Code   228  port.o(i.xPortStartScheduler)
    xQueueGenericCreate                      0x08003f51   Thumb Code   102  queue.o(i.xQueueGenericCreate)
    xQueueGenericReset                       0x08003fb9   Thumb Code   214  queue.o(i.xQueueGenericReset)
    xQueueGenericSend                        0x08004095   Thumb Code   420  queue.o(i.xQueueGenericSend)
    xQueueReceive                            0x0800423d   Thumb Code   356  queue.o(i.xQueueReceive)
    xTaskCheckForTimeOut                     0x080043a5   Thumb Code   136  tasks.o(i.xTaskCheckForTimeOut)
    xTaskCreate                              0x08004435   Thumb Code    96  tasks.o(i.xTaskCreate)
    xTaskGetSchedulerState                   0x08004495   Thumb Code    24  tasks.o(i.xTaskGetSchedulerState)
    xTaskGetTickCount                        0x080044b5   Thumb Code     6  tasks.o(i.xTaskGetTickCount)
    xTaskIncrementTick                       0x080044c1   Thumb Code   396  tasks.o(i.xTaskIncrementTick)
    xTaskPriorityDisinherit                  0x08004679   Thumb Code   202  tasks.o(i.xTaskPriorityDisinherit)
    xTaskRemoveFromEventList                 0x08004751   Thumb Code   262  tasks.o(i.xTaskRemoveFromEventList)
    xTaskResumeAll                           0x08004871   Thumb Code   336  tasks.o(i.xTaskResumeAll)
    xTimerCreateTimerTask                    0x080049e5   Thumb Code    64  timers.o(i.xTimerCreateTimerTask)
    Region$$Table$$Base                      0x08004a38   Number         0  anon$$obj.o(Region$$Table)
    Region$$Table$$Limit                     0x08004a58   Number         0  anon$$obj.o(Region$$Table)
    SystemCoreClock                          0x20000014   Data           4  system_stm32f10x.o(.data)
    AHBPrescTable                            0x20000018   Data          16  system_stm32f10x.o(.data)
    __stdout                                 0x20000028   Data           4  usart.o(.data)
    USART_RX_STA                             0x2000002c   Data           2  usart.o(.data)
    write_chinese                            0x2000002e   Data         264  nokia_5110.o(.data)
    font6x8                                  0x20000136   Data         552  nokia_5110.o(.data)
    RmtSta                                   0x20000360   Data           1  remote.o(.data)
    Dval                                     0x20000362   Data           2  remote.o(.data)
    RmtRec                                   0x20000364   Data           4  remote.o(.data)
    RmtCnt                                   0x20000368   Data           1  remote.o(.data)
    pic_door_close                           0x20000369   Data         504  lcdlib.o(.data)
    pic_door_open                            0x20000561   Data         504  lcdlib.o(.data)
    pic_unlock                               0x20000759   Data          24  lcdlib.o(.data)
    a_mode                                   0x20000771   Data          24  lcdlib.o(.data)
    r_mode                                   0x20000789   Data          24  lcdlib.o(.data)
    w_mode                                   0x200007a1   Data          24  lcdlib.o(.data)
    pic_map                                  0x200007b9   Data         504  lcdlib.o(.data)
    pxCurrentTCB                             0x200009b4   Data           4  tasks.o(.data)
    uxTopUsedPriority                        0x200009ec   Data           4  tasks.o(.data)
    meanu                                    0x20000a3c   Data         150  inputdeal.o(.data)
    USART_RX_BUF                             0x20000ad8   Data         200  usart.o(.bss)
    STMFLASH_BUF                             0x20000ba0   Data        1024  stmflash.o(.bss)
    xQueueRegistry                           0x20000fa0   Data          64  queue.o(.bss)
    __initial_sp                             0x200049d0   Data           0  startup_stm32f10x_hd.o(STACK)



==============================================================================

Memory Map of the image

  Image Entry point : 0x080001e1

  Load Region LR_1 (Base: 0x08000000, Size: 0x00005530, Max: 0xffffffff, ABSOLUTE, COMPRESSED[0x00004f78])

    Execution Region ER_RO (Exec base: 0x08000000, Load base: 0x08000000, Size: 0x00004a58, Max: 0xffffffff, ABSOLUTE)

    Exec Addr    Load Addr    Size         Type   Attr      Idx    E Section Name        Object

    0x08000000   0x08000000   0x00000130   Data   RO          415    RESET               startup_stm32f10x_hd.o
    0x08000130   0x08000130   0x00000000   Code   RO         5204  * .ARM.Collect$$$$00000000  mc_w.l(entry.o)
    0x08000130   0x08000130   0x00000004   Code   RO         5476    .ARM.Collect$$$$00000001  mc_w.l(entry2.o)
    0x08000134   0x08000134   0x00000004   Code   RO         5479    .ARM.Collect$$$$00000004  mc_w.l(entry5.o)
    0x08000138   0x08000138   0x00000000   Code   RO         5481    .ARM.Collect$$$$00000008  mc_w.l(entry7b.o)
    0x08000138   0x08000138   0x00000000   Code   RO         5483    .ARM.Collect$$$$0000000A  mc_w.l(entry8b.o)
    0x08000138   0x08000138   0x00000008   Code   RO         5484    .ARM.Collect$$$$0000000B  mc_w.l(entry9a.o)
    0x08000140   0x08000140   0x00000004   Code   RO         5491    .ARM.Collect$$$$0000000E  mc_w.l(entry12b.o)
    0x08000144   0x08000144   0x00000000   Code   RO         5486    .ARM.Collect$$$$0000000F  mc_w.l(entry10a.o)
    0x08000144   0x08000144   0x00000000   Code   RO         5488    .ARM.Collect$$$$00000011  mc_w.l(entry11a.o)
    0x08000144   0x08000144   0x00000004   Code   RO         5477    .ARM.Collect$$$$00002712  mc_w.l(entry2.o)
    0x08000148   0x08000148   0x00000096   Code   RO         4910    .emb_text           port.o
    0x080001de   0x080001de   0x00000002   PAD
    0x080001e0   0x080001e0   0x00000024   Code   RO          416  * .text               startup_stm32f10x_hd.o
    0x08000204   0x08000204   0x00000024   Code   RO         5207    .text               mc_w.l(memcpya.o)
    0x08000228   0x08000228   0x00000024   Code   RO         5211    .text               mc_w.l(memseta.o)
    0x0800024c   0x0800024c   0x0000002c   Code   RO         5492    .text               mc_w.l(uidiv.o)
    0x08000278   0x08000278   0x00000024   Code   RO         5507    .text               mc_w.l(init.o)
    0x0800029c   0x0800029c   0x00000056   Code   RO         5525    .text               mc_w.l(__dczerorl2.o)
    0x080002f2   0x080002f2   0x00000002   PAD
    0x080002f4   0x080002f4   0x00000044   Code   RO            1    i.BSP_Init          main.o
    0x08000338   0x08000338   0x00000004   Code   RO          202    i.BusFault_Handler  stm32f10x_it.o
    0x0800033c   0x0800033c   0x0000001a   Code   RO         3503    i.ClearBitMask      rc522.o
    0x08000356   0x08000356   0x00000002   PAD
    0x08000358   0x08000358   0x000002e8   Code   RO         5133    i.DealLcdShow       inputdeal.o
    0x08000640   0x08000640   0x000000fc   Code   RO         5134    i.DealRC522State    inputdeal.o
    0x0800073c   0x0800073c   0x00000660   Code   RO         5135    i.DealRemoteState   inputdeal.o
    0x08000d9c   0x08000d9c   0x00000002   Code   RO          203    i.DebugMon_Handler  stm32f10x_it.o
    0x08000d9e   0x08000d9e   0x00000002   PAD
    0x08000da0   0x08000da0   0x00000038   Code   RO         3723    i.Door_IO_init      outputio.o
    0x08000dd8   0x08000dd8   0x0000004c   Code   RO         1276    i.FLASH_ErasePage   stm32f10x_flash.o
    0x08000e24   0x08000e24   0x00000034   Code   RO         1277    i.FLASH_GetBank1Status  stm32f10x_flash.o
    0x08000e58   0x08000e58   0x00000014   Code   RO         1286    i.FLASH_Lock        stm32f10x_flash.o
    0x08000e6c   0x08000e6c   0x00000040   Code   RO         1289    i.FLASH_ProgramHalfWord  stm32f10x_flash.o
    0x08000eac   0x08000eac   0x00000018   Code   RO         1294    i.FLASH_Unlock      stm32f10x_flash.o
    0x08000ec4   0x08000ec4   0x00000026   Code   RO         1298    i.FLASH_WaitForLastOperation  stm32f10x_flash.o
    0x08000eea   0x08000eea   0x00000116   Code   RO         1571    i.GPIO_Init         stm32f10x_gpio.o
    0x08001000   0x08001000   0x00000012   Code   RO         1575    i.GPIO_ReadInputDataBit  stm32f10x_gpio.o
    0x08001012   0x08001012   0x00000004   Code   RO         1578    i.GPIO_ResetBits    stm32f10x_gpio.o
    0x08001016   0x08001016   0x00000004   Code   RO         1579    i.GPIO_SetBits      stm32f10x_gpio.o
    0x0800101a   0x0800101a   0x00000004   Code   RO          204    i.HardFault_Handler  stm32f10x_it.o
    0x0800101e   0x0800101e   0x0000000c   Code   RO         4987    i.InfoInit          userinfo.o
    0x0800102a   0x0800102a   0x00000002   PAD
    0x0800102c   0x0800102c   0x00000060   Code   RO         3387    i.LCD_IO_Init       nokia_5110.o
    0x0800108c   0x0800108c   0x00000054   Code   RO         3388    i.LCD_Send_Commond  nokia_5110.o
    0x080010e0   0x080010e0   0x00000058   Code   RO         3389    i.LCD_Send_Data     nokia_5110.o
    0x08001138   0x08001138   0x00000018   Code   RO         3390    i.LCD_Set_XY        nokia_5110.o
    0x08001150   0x08001150   0x00000078   Code   RO         3391    i.LCD_Show_Pic      nokia_5110.o
    0x080011c8   0x080011c8   0x00000028   Code   RO         3392    i.LCD_clear         nokia_5110.o
    0x080011f0   0x080011f0   0x00000074   Code   RO         3394    i.LCD_init          nokia_5110.o
    0x08001264   0x08001264   0x0000001c   Code   RO         3395    i.LCD_set_XY        nokia_5110.o
    0x08001280   0x08001280   0x00000064   Code   RO         3396    i.LCD_write_byte    nokia_5110.o
    0x080012e4   0x080012e4   0x00000030   Code   RO         3397    i.LCD_write_char    nokia_5110.o
    0x08001314   0x08001314   0x00000022   Code   RO         3399    i.LCD_write_english_string  nokia_5110.o
    0x08001336   0x08001336   0x00000002   PAD
    0x08001338   0x08001338   0x00000040   Code   RO         3724    i.LED_Init          outputio.o
    0x08001378   0x08001378   0x00000074   Code   RO            2    i.LcdTask           main.o
    0x080013ec   0x080013ec   0x00000054   Code   RO         3505    i.M500PcdConfigISOType  rc522.o
    0x08001440   0x08001440   0x00000004   Code   RO          205    i.MemManage_Handler  stm32f10x_it.o
    0x08001444   0x08001444   0x00000002   Code   RO          206    i.NMI_Handler       stm32f10x_it.o
    0x08001446   0x08001446   0x00000002   PAD
    0x08001448   0x08001448   0x00000070   Code   RO          420    i.NVIC_Init         misc.o
    0x080014b8   0x080014b8   0x00000014   Code   RO          421    i.NVIC_PriorityGroupConfig  misc.o
    0x080014cc   0x080014cc   0x0000001a   Code   RO         3507    i.PcdAntennaOn      rc522.o
    0x080014e6   0x080014e6   0x00000070   Code   RO         3508    i.PcdAnticoll       rc522.o
    0x08001556   0x08001556   0x00000132   Code   RO         3510    i.PcdComMF522       rc522.o
    0x08001688   0x08001688   0x00000054   Code   RO         3513    i.PcdRequest        rc522.o
    0x080016dc   0x080016dc   0x00000080   Code   RO         3514    i.PcdReset          rc522.o
    0x0800175c   0x0800175c   0x0000002c   Code   RO         3517    i.RC522_Init        rc522.o
    0x08001788   0x08001788   0x00000020   Code   RO         1987    i.RCC_APB1PeriphClockCmd  stm32f10x_rcc.o
    0x080017a8   0x080017a8   0x00000020   Code   RO         1989    i.RCC_APB2PeriphClockCmd  stm32f10x_rcc.o
    0x080017c8   0x080017c8   0x00000034   Code   RO         3518    i.ReadRawRC         rc522.o
    0x080017fc   0x080017fc   0x000000bc   Code   RO         3646    i.Remote_Init       remote.o
    0x080018b8   0x080018b8   0x00000078   Code   RO         3647    i.Remote_Scan       remote.o
    0x08001930   0x08001930   0x00000094   Code   RO         3519    i.SPI1_Init         rc522.o
    0x080019c4   0x080019c4   0x0000004c   Code   RO         3520    i.SPI_RC522_ReadByte  rc522.o
    0x08001a10   0x08001a10   0x00000054   Code   RO         3521    i.SPI_RC522_SendByte  rc522.o
    0x08001a64   0x08001a64   0x00000022   Code   RO         3684    i.STMFLASH_Read     stmflash.o
    0x08001a86   0x08001a86   0x00000006   Code   RO         3685    i.STMFLASH_ReadHalfWord  stmflash.o
    0x08001a8c   0x08001a8c   0x000000e8   Code   RO         3686    i.STMFLASH_Write    stmflash.o
    0x08001b74   0x08001b74   0x00000026   Code   RO         3687    i.STMFLASH_Write_NoCheck  stmflash.o
    0x08001b9a   0x08001b9a   0x0000001a   Code   RO         3522    i.SetBitMask        rc522.o
    0x08001bb4   0x08001bb4   0x00000008   Code   RO          247    i.SetSysClock       system_stm32f10x.o
    0x08001bbc   0x08001bbc   0x000000e0   Code   RO          248    i.SetSysClockTo72   system_stm32f10x.o
    0x08001c9c   0x08001c9c   0x00000034   Code   RO         4911    i.SysTick_Handler   port.o
    0x08001cd0   0x08001cd0   0x00000060   Code   RO          250    i.SystemInit        system_stm32f10x.o
    0x08001d30   0x08001d30   0x00000080   Code   RO         2605    i.TI1_Config        stm32f10x_tim.o
    0x08001db0   0x08001db0   0x00000098   Code   RO         2606    i.TI2_Config        stm32f10x_tim.o
    0x08001e48   0x08001e48   0x00000090   Code   RO         2607    i.TI3_Config        stm32f10x_tim.o
    0x08001ed8   0x08001ed8   0x00000098   Code   RO         2608    i.TI4_Config        stm32f10x_tim.o
    0x08001f70   0x08001f70   0x00000198   Code   RO         3648    i.TIM4_IRQHandler   remote.o
    0x08002108   0x08002108   0x00000006   Code   RO         2616    i.TIM_ClearITPendingBit  stm32f10x_tim.o
    0x0800210e   0x0800210e   0x00000018   Code   RO         2621    i.TIM_Cmd           stm32f10x_tim.o
    0x08002126   0x08002126   0x00000008   Code   RO         2639    i.TIM_GetCapture4   stm32f10x_tim.o
    0x0800212e   0x0800212e   0x00000022   Code   RO         2642    i.TIM_GetITStatus   stm32f10x_tim.o
    0x08002150   0x08002150   0x000000ac   Code   RO         2644    i.TIM_ICInit        stm32f10x_tim.o
    0x080021fc   0x080021fc   0x00000012   Code   RO         2646    i.TIM_ITConfig      stm32f10x_tim.o
    0x0800220e   0x0800220e   0x0000001a   Code   RO         2666    i.TIM_OC4PolarityConfig  stm32f10x_tim.o
    0x08002228   0x08002228   0x00000004   Code   RO         2686    i.TIM_SetCounter    stm32f10x_tim.o
    0x0800222c   0x0800222c   0x00000012   Code   RO         2687    i.TIM_SetIC1Prescaler  stm32f10x_tim.o
    0x0800223e   0x0800223e   0x0000001a   Code   RO         2688    i.TIM_SetIC2Prescaler  stm32f10x_tim.o
    0x08002258   0x08002258   0x00000012   Code   RO         2689    i.TIM_SetIC3Prescaler  stm32f10x_tim.o
    0x0800226a   0x0800226a   0x0000001a   Code   RO         2690    i.TIM_SetIC4Prescaler  stm32f10x_tim.o
    0x08002284   0x08002284   0x000000a4   Code   RO         2692    i.TIM_TimeBaseInit  stm32f10x_tim.o
    0x08002328   0x08002328   0x00000088   Code   RO          336    i.USART1_IRQHandler  usart.o
    0x080023b0   0x080023b0   0x00000054   Code   RO         3161    i.USART_GetITStatus  stm32f10x_usart.o
    0x08002404   0x08002404   0x0000000a   Code   RO         3171    i.USART_ReceiveData  stm32f10x_usart.o
    0x0800240e   0x0800240e   0x00000004   Code   RO          207    i.UsageFault_Handler  stm32f10x_it.o
    0x08002412   0x08002412   0x00000002   PAD
    0x08002414   0x08002414   0x00000030   Code   RO         3523    i.WriteRawRC        rc522.o
    0x08002444   0x08002444   0x00000028   Code   RO         5262    i.__0sprintf$1      mc_w.l(printf1.o)
    0x0800246c   0x0800246c   0x0000000e   Code   RO         5519    i.__scatterload_copy  mc_w.l(handlers.o)
    0x0800247a   0x0800247a   0x00000002   Code   RO         5520    i.__scatterload_null  mc_w.l(handlers.o)
    0x0800247c   0x0800247c   0x0000000e   Code   RO         5521    i.__scatterload_zeroinit  mc_w.l(handlers.o)
    0x0800248a   0x0800248a   0x00000002   PAD
    0x0800248c   0x0800248c   0x00000154   Code   RO         5267    i._printf_core      mc_w.l(printf1.o)
    0x080025e0   0x080025e0   0x0000000a   Code   RO         5269    i._sputc            mc_w.l(printf1.o)
    0x080025ea   0x080025ea   0x00000002   PAD
    0x080025ec   0x080025ec   0x000000a4   Code   RO         4988    i.addRootInfo       userinfo.o
    0x08002690   0x08002690   0x000000a0   Code   RO         4989    i.addUserInfo       userinfo.o
    0x08002730   0x08002730   0x00000018   Code   RO         5136    i.backMenu          inputdeal.o
    0x08002748   0x08002748   0x00000030   Code   RO         4992    i.changUserDataByID  userinfo.o
    0x08002778   0x08002778   0x00000048   Code   RO         4993    i.cleanAllRoot      userinfo.o
    0x080027c0   0x080027c0   0x00000044   Code   RO         4994    i.cleanAllUser      userinfo.o
    0x08002804   0x08002804   0x00000090   Code   RO            3    i.creatTask         main.o
    0x08002894   0x08002894   0x00000016   Code   RO         3401    i.delay_1us         nokia_5110.o
    0x080028aa   0x080028aa   0x00000028   Code   RO         3403    i.delay_nus         nokia_5110.o
    0x080028d2   0x080028d2   0x00000002   PAD
    0x080028d4   0x080028d4   0x00000080   Code   RO         4996    i.deleteUser        userinfo.o
    0x08002954   0x08002954   0x0000003c   Code   RO         4999    i.findNextUserData  userinfo.o
    0x08002990   0x08002990   0x00000040   Code   RO         5000    i.findRootCard      userinfo.o
    0x080029d0   0x080029d0   0x00000040   Code   RO         5001    i.findUserCard      userinfo.o
    0x08002a10   0x08002a10   0x0000000c   Code   RO         5137    i.getNowPage        inputdeal.o
    0x08002a1c   0x08002a1c   0x0000000c   Code   RO         5002    i.getRootNum        userinfo.o
    0x08002a28   0x08002a28   0x0000000c   Code   RO         5003    i.getUserNum        userinfo.o
    0x08002a34   0x08002a34   0x00000034   Code   RO            4    i.main              main.o
    0x08002a68   0x08002a68   0x000000a4   Code   RO         4311    i.prvAddCurrentTaskToDelayedList  tasks.o
    0x08002b0c   0x08002b0c   0x000000e8   Code   RO         4312    i.prvAddNewTaskToReadyList  tasks.o
    0x08002bf4   0x08002bf4   0x00000064   Code   RO         4681    i.prvCheckForValidListAndQueue  timers.o
    0x08002c58   0x08002c58   0x00000048   Code   RO         4313    i.prvCheckTasksWaitingTermination  tasks.o
    0x08002ca0   0x08002ca0   0x0000002a   Code   RO         3922    i.prvCopyDataFromQueue  queue.o
    0x08002cca   0x08002cca   0x0000007e   Code   RO         3923    i.prvCopyDataToQueue  queue.o
    0x08002d48   0x08002d48   0x00000012   Code   RO         4314    i.prvDeleteTCB      tasks.o
    0x08002d5a   0x08002d5a   0x00000002   PAD
    0x08002d5c   0x08002d5c   0x00000028   Code   RO         4682    i.prvGetNextExpireTime  timers.o
    0x08002d84   0x08002d84   0x0000007c   Code   RO         4855    i.prvHeapInit       heap_4.o
    0x08002e00   0x08002e00   0x00000028   Code   RO         4315    i.prvIdleTask       tasks.o
    0x08002e28   0x08002e28   0x0000002a   Code   RO         3926    i.prvInitialiseNewQueue  queue.o
    0x08002e52   0x08002e52   0x000000e0   Code   RO         4316    i.prvInitialiseNewTask  tasks.o
    0x08002f32   0x08002f32   0x00000002   PAD
    0x08002f34   0x08002f34   0x00000068   Code   RO         4317    i.prvInitialiseTaskLists  tasks.o
    0x08002f9c   0x08002f9c   0x00000068   Code   RO         4856    i.prvInsertBlockIntoFreeList  heap_4.o
    0x08003004   0x08003004   0x00000058   Code   RO         4684    i.prvInsertTimerInActiveList  timers.o
    0x0800305c   0x0800305c   0x0000001a   Code   RO         3927    i.prvIsQueueEmpty   queue.o
    0x08003076   0x08003076   0x0000001e   Code   RO         3928    i.prvIsQueueFull    queue.o
    0x08003094   0x08003094   0x00000044   Code   RO         4685    i.prvProcessExpiredTimer  timers.o
    0x080030d8   0x080030d8   0x0000014c   Code   RO         4686    i.prvProcessReceivedCommands  timers.o
    0x08003224   0x08003224   0x00000074   Code   RO         4687    i.prvProcessTimerOrBlockTask  timers.o
    0x08003298   0x08003298   0x00000028   Code   RO         4688    i.prvReloadTimer    timers.o
    0x080032c0   0x080032c0   0x00000030   Code   RO         4319    i.prvResetNextTaskUnblockTime  tasks.o
    0x080032f0   0x080032f0   0x0000002c   Code   RO         4689    i.prvSampleTimeNow  timers.o
    0x0800331c   0x0800331c   0x00000044   Code   RO         4690    i.prvSwitchTimerLists  timers.o
    0x08003360   0x08003360   0x00000040   Code   RO         4912    i.prvTaskExitError  port.o
    0x080033a0   0x080033a0   0x0000001a   Code   RO         4691    i.prvTimerTask      timers.o
    0x080033ba   0x080033ba   0x0000007e   Code   RO         3929    i.prvUnlockQueue    queue.o
    0x08003438   0x08003438   0x0000016c   Code   RO         4857    i.pvPortMalloc      heap_4.o
    0x080035a4   0x080035a4   0x00000024   Code   RO         4913    i.pxPortInitialiseStack  port.o
    0x080035c8   0x080035c8   0x00000044   Code   RO            5    i.rc522Task         main.o
    0x0800360c   0x0800360c   0x00000018   Code   RO         5005    i.readUserData      userinfo.o
    0x08003624   0x08003624   0x00000030   Code   RO            6    i.remoteTask        main.o
    0x08003654   0x08003654   0x00000014   Code   RO         5138    i.resetLcd          inputdeal.o
    0x08003668   0x08003668   0x00000040   Code   RO         5006    i.rootDataMapGet    userinfo.o
    0x080036a8   0x080036a8   0x00000098   Code   RO         5139    i.showAllUserData   inputdeal.o
    0x08003740   0x08003740   0x00000084   Code   RO         5140    i.showMenu          inputdeal.o
    0x080037c4   0x080037c4   0x00000084   Code   RO         5141    i.showSysInfo       inputdeal.o
    0x08003848   0x08003848   0x0000003c   Code   RO         5007    i.userDataMapGet    userinfo.o
    0x08003884   0x08003884   0x00000028   Code   RO         3882    i.uxListRemove      list.o
    0x080038ac   0x080038ac   0x0000001a   Code   RO         3883    i.vListInitialise   list.o
    0x080038c6   0x080038c6   0x00000006   Code   RO         3884    i.vListInitialiseItem  list.o
    0x080038cc   0x080038cc   0x00000034   Code   RO         3885    i.vListInsert       list.o
    0x08003900   0x08003900   0x00000018   Code   RO         3886    i.vListInsertEnd    list.o
    0x08003918   0x08003918   0x00000054   Code   RO         4915    i.vPortEnterCritical  port.o
    0x0800396c   0x0800396c   0x0000003c   Code   RO         4916    i.vPortExitCritical  port.o
    0x080039a8   0x080039a8   0x000000a4   Code   RO         4858    i.vPortFree         heap_4.o
    0x08003a4c   0x08003a4c   0x00000028   Code   RO         4917    i.vPortSetupTimerInterrupt  port.o
    0x08003a74   0x08003a74   0x00000060   Code   RO         3935    i.vQueueAddToRegistry  queue.o
    0x08003ad4   0x08003ad4   0x0000004a   Code   RO         3939    i.vQueueWaitForMessageRestricted  queue.o
    0x08003b1e   0x08003b1e   0x00000002   PAD
    0x08003b20   0x08003b20   0x0000005c   Code   RO         4332    i.vTaskDelay        tasks.o
    0x08003b7c   0x08003b7c   0x000000c8   Code   RO         4333    i.vTaskDelete       tasks.o
    0x08003c44   0x08003c44   0x00000018   Code   RO         4337    i.vTaskInternalSetTimeOutState  tasks.o
    0x08003c5c   0x08003c5c   0x0000000c   Code   RO         4338    i.vTaskMissedYield  tasks.o
    0x08003c68   0x08003c68   0x00000038   Code   RO         4339    i.vTaskPlaceOnEventList  tasks.o
    0x08003ca0   0x08003ca0   0x00000064   Code   RO         4340    i.vTaskPlaceOnEventListRestricted  tasks.o
    0x08003d04   0x08003d04   0x0000009c   Code   RO         4348    i.vTaskStartScheduler  tasks.o
    0x08003da0   0x08003da0   0x00000010   Code   RO         4350    i.vTaskSuspendAll   tasks.o
    0x08003db0   0x08003db0   0x00000090   Code   RO         4351    i.vTaskSwitchContext  tasks.o
    0x08003e40   0x08003e40   0x00000018   Code   RO         5009    i.writeUserData     userinfo.o
    0x08003e58   0x08003e58   0x000000f8   Code   RO         4919    i.xPortStartScheduler  port.o
    0x08003f50   0x08003f50   0x00000066   Code   RO         3942    i.xQueueGenericCreate  queue.o
    0x08003fb6   0x08003fb6   0x00000002   PAD
    0x08003fb8   0x08003fb8   0x000000dc   Code   RO         3943    i.xQueueGenericReset  queue.o
    0x08004094   0x08004094   0x000001a8   Code   RO         3944    i.xQueueGenericSend  queue.o
    0x0800423c   0x0800423c   0x00000168   Code   RO         3954    i.xQueueReceive     queue.o
    0x080043a4   0x080043a4   0x00000090   Code   RO         4353    i.xTaskCheckForTimeOut  tasks.o
    0x08004434   0x08004434   0x00000060   Code   RO         4354    i.xTaskCreate       tasks.o
    0x08004494   0x08004494   0x00000020   Code   RO         4361    i.xTaskGetSchedulerState  tasks.o
    0x080044b4   0x080044b4   0x0000000c   Code   RO         4362    i.xTaskGetTickCount  tasks.o
    0x080044c0   0x080044c0   0x000001b8   Code   RO         4364    i.xTaskIncrementTick  tasks.o
    0x08004678   0x08004678   0x000000d8   Code   RO         4365    i.xTaskPriorityDisinherit  tasks.o
    0x08004750   0x08004750   0x00000120   Code   RO         4367    i.xTaskRemoveFromEventList  tasks.o
    0x08004870   0x08004870   0x00000174   Code   RO         4368    i.xTaskResumeAll    tasks.o
    0x080049e4   0x080049e4   0x00000054   Code   RO         4699    i.xTimerCreateTimerTask  timers.o
    0x08004a38   0x08004a38   0x00000020   Data   RO         5517    Region$$Table       anon$$obj.o


    Execution Region ER_RW (Exec base: 0x20000000, Load base: 0x08004a58, Size: 0x00000ad8, Max: 0xffffffff, ABSOLUTE, COMPRESSED[0x00000520])

    Exec Addr    Load Addr    Size         Type   Attr      Idx    E Section Name        Object

    0x20000000   COMPRESSED   0x00000014   Data   RW            7    .data               main.o
    0x20000014   COMPRESSED   0x00000014   Data   RW          251    .data               system_stm32f10x.o
    0x20000028   COMPRESSED   0x00000006   Data   RW          341    .data               usart.o
    0x2000002e   COMPRESSED   0x00000330   Data   RW         3405    .data               nokia_5110.o
    0x2000035e   COMPRESSED   0x00000002   PAD
    0x20000360   COMPRESSED   0x00000009   Data   RW         3649    .data               remote.o
    0x20000369   COMPRESSED   0x00000648   Data   RW         3741    .data               lcdlib.o
    0x200009b1   COMPRESSED   0x00000003   PAD
    0x200009b4   COMPRESSED   0x00000040   Data   RW         4371    .data               tasks.o
    0x200009f4   COMPRESSED   0x00000014   Data   RW         4708    .data               timers.o
    0x20000a08   COMPRESSED   0x00000020   Data   RW         4864    .data               heap_4.o
    0x20000a28   COMPRESSED   0x0000000c   Data   RW         4920    .data               port.o
    0x20000a34   COMPRESSED   0x000000a4   Data   RW         5143    .data               inputdeal.o


    Execution Region ER_ZI (Exec base: 0x20000ad8, Load base: 0x08004f78, Size: 0x00003ef8, Max: 0xffffffff, ABSOLUTE)

    Exec Addr    Load Addr    Size         Type   Attr      Idx    E Section Name        Object

    0x20000ad8        -       0x000000c8   Zero   RW          340    .bss                usart.o
    0x20000ba0        -       0x00000400   Zero   RW         3689    .bss                stmflash.o
    0x20000fa0        -       0x00000040   Zero   RW         3958    .bss                queue.o
    0x20000fe0        -       0x000004c4   Zero   RW         4370    .bss                tasks.o
    0x200014a4        -       0x00000028   Zero   RW         4707    .bss                timers.o
    0x200014cc        -       0x00002800   Zero   RW         4863    .bss                heap_4.o
    0x20003ccc        -       0x00000890   Zero   RW         5010    .bss                userinfo.o
    0x2000455c        -       0x00000070   Zero   RW         5142    .bss                inputdeal.o
    0x200045cc   0x08004f78   0x00000004   PAD
    0x200045d0        -       0x00000400   Zero   RW          413    STACK               startup_stm32f10x_hd.o


==============================================================================

Image component sizes


      Code (inc. data)   RO Data    RW Data    ZI Data      Debug   Object Name

         0          0          0          0          0      14176   event_groups.o
       756         74          0         32      10240       4263   heap_4.o
      3100        492          0        164        112       6919   inputdeal.o
         0          0          0       1608          0        779   lcdlib.o
       148          0          0          0          0       3058   list.o
       496         98          0         20          0      66158   main.o
       132         22          0          0          0       1479   misc.o
       840         48          0        816          0       8602   nokia_5110.o
       120         22          0          0          0        954   outputio.o
       734         64          0         12          0       9136   port.o
      1668         20          0          0         64      14023   queue.o
      1244         42          0          0          0       8746   rc522.o
       716         44          0          9          0       2162   remote.o
        36          8        304          0       1024        776   startup_stm32f10x_hd.o
       274         30          0          0          0       3330   stm32f10x_flash.o
       304          0          0          0          0       3576   stm32f10x_gpio.o
        20          0          0          0          0       2377   stm32f10x_it.o
        64         12          0          0          0       1106   stm32f10x_rcc.o
      1120        150          0          0          0      10882   stm32f10x_tim.o
        94          0          0          0          0       2688   stm32f10x_usart.o
       310         10          0          0       1024       3357   stmflash.o
         0          0          0          0          0     203376   sys.o
       328         28          0         20          0       1997   system_stm32f10x.o
      3302        382          0         64       1220      27554   tasks.o
      1006        110          0         20         40      22584   timers.o
       136         14          0          6        200       2384   usart.o
      1036        124          0          0       2192       9662   userinfo.o

    ----------------------------------------------------------------------
     18008       1794        336       2776      16120     436104   Object Totals
         0          0         32          0          0          0   (incl. Generated)
        24          0          0          5          4          0   (incl. Padding)

    ----------------------------------------------------------------------

      Code (inc. data)   RO Data    RW Data    ZI Data      Debug   Library Member Name

        86          0          0          0          0          0   __dczerorl2.o
         0          0          0          0          0          0   entry.o
         0          0          0          0          0          0   entry10a.o
         0          0          0          0          0          0   entry11a.o
         4          0          0          0          0          0   entry12b.o
         8          4          0          0          0          0   entry2.o
         4          0          0          0          0          0   entry5.o
         0          0          0          0          0          0   entry7b.o
         0          0          0          0          0          0   entry8b.o
         8          4          0          0          0          0   entry9a.o
        30          0          0          0          0          0   handlers.o
        36          8          0          0          0         68   init.o
        36          0          0          0          0         68   memcpya.o
        36          0          0          0          0        108   memseta.o
       390         10          0          0          0        252   printf1.o
        44          0          0          0          0         80   uidiv.o

    ----------------------------------------------------------------------
       688         26          0          0          0        576   Library Totals
         6          0          0          0          0          0   (incl. Padding)

    ----------------------------------------------------------------------

      Code (inc. data)   RO Data    RW Data    ZI Data      Debug   Library Name

       682         26          0          0          0        576   mc_w.l

    ----------------------------------------------------------------------
       688         26          0          0          0        576   Library Totals

    ----------------------------------------------------------------------

==============================================================================


      Code (inc. data)   RO Data    RW Data    ZI Data      Debug   

     18696       1820        336       2776      16120     427864   Grand Totals
     18696       1820        336       1312      16120     427864   ELF Image Totals (compressed)
     18696       1820        336       1312          0          0   ROM Totals

==============================================================================

    Total RO  Size (Code + RO Data)                19032 (  18.59kB)
    Total RW  Size (RW Data + ZI Data)             18896 (  18.45kB)
    Total ROM Size (Code + RO Data + RW Data)      20344 (  19.87kB)

==============================================================================

